Using pre-set license
Built from '2021.3/staging' branch; Version is '2021.3.5f1 (40eb3a945986) revision 4254522'; Using compiler version '192829333'; Build Type 'Release'
OS: 'Windows 10  (10.0.19045) 64bit Professional' Language: 'ru' Physical Memory: 8060 MB
BatchMode: 1, IsHumanControllingUs: 0, StartBugReporterOnCrash: 0, Is64bit: 1, IsPro: 1

COMMAND LINE ARGUMENTS:
C:\Program Files\Unity\Hub\Editor\2021.3.5f1\Editor\Unity.exe
-adb2
-batchMode
-noUpm
-name
AssetImportWorker0
-projectPath
C:/Users/Algo/Documents/GitHub/67
-logFile
Logs/AssetImportWorker0.log
-srvPort
52990
Successfully changed project path to: C:/Users/Algo/Documents/GitHub/67
C:/Users/Algo/Documents/GitHub/67
[UnityMemory] Configuration Parameters - Can be set up in boot.config
    "memorysetup-bucket-allocator-granularity=16"
    "memorysetup-bucket-allocator-bucket-count=8"
    "memorysetup-bucket-allocator-block-size=33554432"
    "memorysetup-bucket-allocator-block-count=8"
    "memorysetup-main-allocator-block-size=16777216"
    "memorysetup-thread-allocator-block-size=16777216"
    "memorysetup-gfx-main-allocator-block-size=16777216"
    "memorysetup-gfx-thread-allocator-block-size=16777216"
    "memorysetup-cache-allocator-block-size=4194304"
    "memorysetup-typetree-allocator-block-size=2097152"
    "memorysetup-profiler-bucket-allocator-granularity=16"
    "memorysetup-profiler-bucket-allocator-bucket-count=8"
    "memorysetup-profiler-bucket-allocator-block-size=33554432"
    "memorysetup-profiler-bucket-allocator-block-count=8"
    "memorysetup-profiler-allocator-block-size=16777216"
    "memorysetup-profiler-editor-allocator-block-size=1048576"
    "memorysetup-temp-allocator-size-main=16777216"
    "memorysetup-job-temp-allocator-block-size=2097152"
    "memorysetup-job-temp-allocator-block-size-background=1048576"
    "memorysetup-job-temp-allocator-reduction-small-platforms=262144"
    "memorysetup-temp-allocator-size-background-worker=32768"
    "memorysetup-temp-allocator-size-job-worker=262144"
    "memorysetup-temp-allocator-size-preload-manager=33554432"
    "memorysetup-temp-allocator-size-nav-mesh-worker=65536"
    "memorysetup-temp-allocator-size-audio-worker=65536"
    "memorysetup-temp-allocator-size-cloud-worker=32768"
    "memorysetup-temp-allocator-size-gi-baking-worker=262144"
    "memorysetup-temp-allocator-size-gfx=262144"
Refreshing native plugins compatible for Editor in 103.19 ms, found 3 plugins.
Preloading 0 native plugins for Editor in 0.00 ms.
Initialize engine version: 2021.3.5f1 (40eb3a945986)
[Subsystems] Discovering subsystems at path C:/Program Files/Unity/Hub/Editor/2021.3.5f1/Editor/Data/Resources/UnitySubsystems
[Subsystems] Discovering subsystems at path C:/Users/Algo/Documents/GitHub/67/Assets
GfxDevice: creating device client; threaded=0; jobified=0
Direct3D:
    Version:  Direct3D 11.0 [level 11.1]
    Renderer: Intel(R) HD Graphics 620 (ID=0x5916)
    Vendor:   Intel
    VRAM:     4030 MB
    Driver:   31.0.101.2111
Initialize mono
Mono path[0] = 'C:/Program Files/Unity/Hub/Editor/2021.3.5f1/Editor/Data/Managed'
Mono path[1] = 'C:/Program Files/Unity/Hub/Editor/2021.3.5f1/Editor/Data/MonoBleedingEdge/lib/mono/unityjit-win32'
Mono config path = 'C:/Program Files/Unity/Hub/Editor/2021.3.5f1/Editor/Data/MonoBleedingEdge/etc'
Using monoOptions --debugger-agent=transport=dt_socket,embedding=1,server=y,suspend=n,address=127.0.0.1:56028
Begin MonoManager ReloadAssembly
Registering precompiled unity dll's ...
Register platform support module: C:/Program Files/Unity/Hub/Editor/2021.3.5f1/Editor/Data/PlaybackEngines/WindowsStandaloneSupport/UnityEditor.WindowsStandalone.Extensions.dll
Registered in 0.008580 seconds.
Native extension for WindowsStandalone target not found
Refreshing native plugins compatible for Editor in 106.85 ms, found 3 plugins.
Preloading 0 native plugins for Editor in 0.00 ms.
Mono: successfully reloaded assembly
- Completed reload, in  0.807 seconds
Domain Reload Profiling:
	ReloadAssembly (808ms)
		BeginReloadAssembly (98ms)
			ExecutionOrderSort (0ms)
			DisableScriptedObjects (0ms)
			BackupInstance (0ms)
			ReleaseScriptingObjects (0ms)
			CreateAndSetChildDomain (1ms)
		EndReloadAssembly (567ms)
			LoadAssemblies (96ms)
			RebuildTransferFunctionScriptingTraits (0ms)
			SetupTypeCache (131ms)
			ReleaseScriptCaches (0ms)
			RebuildScriptCaches (41ms)
			SetupLoadedEditorAssemblies (331ms)
				LogAssemblyErrors (0ms)
				InitializePlatformSupportModulesInManaged (10ms)
				SetLoadedEditorAssemblies (0ms)
				RefreshPlugins (107ms)
				BeforeProcessingInitializeOnLoad (2ms)
				ProcessInitializeOnLoadAttributes (154ms)
				ProcessInitializeOnLoadMethodAttributes (58ms)
				AfterProcessingInitializeOnLoad (0ms)
				EditorAssembliesLoaded (0ms)
			ExecutionOrderSort2 (0ms)
			AwakeInstancesAfterBackupRestoration (0ms)
Platform modules already initialized, skipping
Registering precompiled user dll's ...
Registered in 0.008225 seconds.
Begin MonoManager ReloadAssembly
Symbol file LoadedFromMemory doesn't match image C:\Users\Algo\Documents\GitHub\67\Library\PackageCache\com.unity.visualscripting@1.7.8\Editor\VisualScripting.Core\Dependencies\YamlDotNet\Unity.VisualScripting.YamlDotNet.dll
Symbol file LoadedFromMemory doesn't match image C:\Users\Algo\Documents\GitHub\67\Library\PackageCache\com.unity.visualscripting@1.7.8\Editor\VisualScripting.Core\Dependencies\DotNetZip\Unity.VisualScripting.IonicZip.dll
Native extension for WindowsStandalone target not found
Refreshing native plugins compatible for Editor in 0.62 ms, found 3 plugins.
Preloading 0 native plugins for Editor in 0.00 ms.
Mono: successfully reloaded assembly
- Completed reload, in  1.316 seconds
Domain Reload Profiling:
	ReloadAssembly (1317ms)
		BeginReloadAssembly (144ms)
			ExecutionOrderSort (0ms)
			DisableScriptedObjects (8ms)
			BackupInstance (0ms)
			ReleaseScriptingObjects (0ms)
			CreateAndSetChildDomain (25ms)
		EndReloadAssembly (1019ms)
			LoadAssemblies (106ms)
			RebuildTransferFunctionScriptingTraits (0ms)
			SetupTypeCache (339ms)
			ReleaseScriptCaches (1ms)
			RebuildScriptCaches (67ms)
			SetupLoadedEditorAssemblies (459ms)
				LogAssemblyErrors (0ms)
				InitializePlatformSupportModulesInManaged (7ms)
				SetLoadedEditorAssemblies (1ms)
				RefreshPlugins (1ms)
				BeforeProcessingInitializeOnLoad (117ms)
				ProcessInitializeOnLoadAttributes (288ms)
				ProcessInitializeOnLoadMethodAttributes (36ms)
				AfterProcessingInitializeOnLoad (10ms)
				EditorAssembliesLoaded (0ms)
			ExecutionOrderSort2 (0ms)
			AwakeInstancesAfterBackupRestoration (8ms)
Platform modules already initialized, skipping
========================================================================
Worker process is ready to serve import requests
Launched and connected shader compiler UnityShaderCompiler.exe after 0.06 seconds
Refreshing native plugins compatible for Editor in 0.65 ms, found 3 plugins.
Preloading 0 native plugins for Editor in 0.00 ms.
Unloading 3373 Unused Serialized files (Serialized files now loaded: 0)
Unloading 25 unused Assets / (55.9 KB). Loaded Objects now: 3850.
Memory consumption went from 129.2 MB to 129.2 MB.
Total: 5.510700 ms (FindLiveObjects: 0.325000 ms CreateObjectMapping: 0.220400 ms MarkObjects: 4.869200 ms  DeleteObjects: 0.094700 ms)

AssetImportParameters requested are different than current active one (requested -> active):
  custom:video-decoder-ogg-theora: a1e56fd34408186e4bbccfd4996cb3dc -> 
  custom:container-muxer-webm: aa71ff27fc2769a1b78a27578f13a17b -> 
  custom:container-demuxer-webm: 4f35f7cbe854078d1ac9338744f61a02 -> 
  custom:video-encoder-webm-vp8: eb34c28f22e8b96e1ab97ce403110664 -> 
  custom:audio-encoder-webm-vorbis: bf7c407c2cedff20999df2af8eb42d56 -> 
  custom:framework-win-MediaFoundation: 216162199b28c13a410421893ffa2e32 -> 
  custom:container-demuxer-ogg: 62fdf1f143b41e24485cea50d1cbac27 -> 
  custom:video-decoder-webm-vp8: 9c59270c3fd7afecdb556c50c9e8de78 -> 
  custom:audio-decoder-ogg-vorbis: bf7c407c2cedff20999df2af8eb42d56 -> 
========================================================================
Received Import Request.
  Time since last request: 539091.497428 seconds.
  path: Assets/Scenes/SampleScene.unity
  artifactKey: Guid(9fc0d4010bbf28b4594072e72b8655ab) Importer(815301076,1909f56bfc062723c751e8b465ee728b)
Start importing Assets/Scenes/SampleScene.unity using Guid(9fc0d4010bbf28b4594072e72b8655ab) Importer(815301076,1909f56bfc062723c751e8b465ee728b)  -> (artifact id: '4a11acdb3531ff5853b9f910d6b858c5') in 0.017244 seconds 
========================================================================
Received Import Request.
  Time since last request: 1.160996 seconds.
  path: Assets/_TerrainAutoUpgrade/layer_Cliffs608c3929b87867c.terrainlayer
  artifactKey: Guid(c9aed626493252d45bf5585fa39037f7) Importer(815301076,1909f56bfc062723c751e8b465ee728b)
Start importing Assets/_TerrainAutoUpgrade/layer_Cliffs608c3929b87867c.terrainlayer using Guid(c9aed626493252d45bf5585fa39037f7) Importer(815301076,1909f56bfc062723c751e8b465ee728b)  -> (artifact id: '1aea44b63b248355f7ac8dca6a4d7399') in 0.129226 seconds 
========================================================================
Received Import Request.
  Time since last request: 0.000029 seconds.
  path: Assets/_TerrainAutoUpgrade/layer_Grass608c3929b87867c.terrainlayer
  artifactKey: Guid(c5ef82ee675721d449865793624d42dd) Importer(815301076,1909f56bfc062723c751e8b465ee728b)
Start importing Assets/_TerrainAutoUpgrade/layer_Grass608c3929b87867c.terrainlayer using Guid(c5ef82ee675721d449865793624d42dd) Importer(815301076,1909f56bfc062723c751e8b465ee728b)  -> (artifact id: '2c70d8bd6dcd869845d28aa3cde747b9') in 0.019853 seconds 
========================================================================
Received Import Request.
  Time since last request: 0.000044 seconds.
  path: Assets/_TerrainAutoUpgrade/layer_RockGrassy608c3929b87867c.terrainlayer
  artifactKey: Guid(4bd26d97cf795fd44bd7bc055cf3124d) Importer(815301076,1909f56bfc062723c751e8b465ee728b)
Start importing Assets/_TerrainAutoUpgrade/layer_RockGrassy608c3929b87867c.terrainlayer using Guid(4bd26d97cf795fd44bd7bc055cf3124d) Importer(815301076,1909f56bfc062723c751e8b465ee728b)  -> (artifact id: '09d63af80be7f2c6d46f4153551bc461') in 0.048189 seconds 
========================================================================
Received Import Request.
  Time since last request: 0.000033 seconds.
  path: Assets/_TerrainAutoUpgrade/layer_Gravel608c3929b87867c.terrainlayer
  artifactKey: Guid(e8a7f80afff578e48b6e4aa7342809c6) Importer(815301076,1909f56bfc062723c751e8b465ee728b)
Start importing Assets/_TerrainAutoUpgrade/layer_Gravel608c3929b87867c.terrainlayer using Guid(e8a7f80afff578e48b6e4aa7342809c6) Importer(815301076,1909f56bfc062723c751e8b465ee728b)  -> (artifact id: 'ef2bd2cf5f8270389dc95b9982b3b73f') in 0.055739 seconds 
========================================================================
Received Import Request.
  Time since last request: 3.576538 seconds.
  path: Assets/New Terrain 1.asset
  artifactKey: Guid(27be76af194d3ae4bbdf04cf20cc7ebe) Importer(815301076,1909f56bfc062723c751e8b465ee728b)
Start importing Assets/New Terrain 1.asset using Guid(27be76af194d3ae4bbdf04cf20cc7ebe) Importer(815301076,1909f56bfc062723c751e8b465ee728b)  -> (artifact id: '9fc80ba8e27bfcb9f8ccd7091875962a') in 0.045864 seconds 
========================================================================
Received Import Request.
  Time since last request: 38.566144 seconds.
  path: Assets/AQUAS-Lite
  artifactKey: Guid(0ff740b25b602f44d9a569575f9479d2) Importer(815301076,1909f56bfc062723c751e8b465ee728b)
Start importing Assets/AQUAS-Lite using Guid(0ff740b25b602f44d9a569575f9479d2) Importer(815301076,1909f56bfc062723c751e8b465ee728b)  -> (artifact id: '043b16ed52e351c9238f9688b08b9d64') in 0.030953 seconds 
========================================================================
Received Import Request.
  Time since last request: 2.351441 seconds.
  path: Assets/AQUAS-Lite/Models
  artifactKey: Guid(1d587bedae6edc44d924a9d81a9eefbc) Importer(815301076,1909f56bfc062723c751e8b465ee728b)
Start importing Assets/AQUAS-Lite/Models using Guid(1d587bedae6edc44d924a9d81a9eefbc) Importer(815301076,1909f56bfc062723c751e8b465ee728b)  -> (artifact id: '2b7395544394b85ad43ab77f798f4a82') in 0.029695 seconds 
========================================================================
Received Import Request.
  Time since last request: 0.040791 seconds.
  path: Assets/AQUAS-Lite/Models/WaterPlane.fbx
  artifactKey: Guid(c9c3797c5d4107747a25bfa19fd7ae39) Importer(815301076,1909f56bfc062723c751e8b465ee728b)
Start importing Assets/AQUAS-Lite/Models/WaterPlane.fbx using Guid(c9c3797c5d4107747a25bfa19fd7ae39) Importer(815301076,1909f56bfc062723c751e8b465ee728b)  -> (artifact id: 'f23bdbc8097f60c244cbeaee799fb351') in 0.684868 seconds 
========================================================================
Received Import Request.
  Time since last request: 511.732943 seconds.
  path: Assets/AQUAS-Lite/Models/WaterPlane.fbx
  artifactKey: Guid(c9c3797c5d4107747a25bfa19fd7ae39) Importer(815301076,1909f56bfc062723c751e8b465ee728b)
Start importing Assets/AQUAS-Lite/Models/WaterPlane.fbx using Guid(c9c3797c5d4107747a25bfa19fd7ae39) Importer(815301076,1909f56bfc062723c751e8b465ee728b)  -> (artifact id: '932eba0036458e011b052a0dd9d0e170') in 0.057738 seconds 
========================================================================
Received Prepare
Registering precompiled user dll's ...
Registered in 0.009807 seconds.
Begin MonoManager ReloadAssembly
Symbol file LoadedFromMemory doesn't match image C:\Users\Algo\Documents\GitHub\67\Library\PackageCache\com.unity.visualscripting@1.7.8\Editor\VisualScripting.Core\Dependencies\YamlDotNet\Unity.VisualScripting.YamlDotNet.dll
Symbol file LoadedFromMemory doesn't match image C:\Users\Algo\Documents\GitHub\67\Library\PackageCache\com.unity.visualscripting@1.7.8\Editor\VisualScripting.Core\Dependencies\DotNetZip\Unity.VisualScripting.IonicZip.dll
Native extension for WindowsStandalone target not found
Refreshing native plugins compatible for Editor in 1.01 ms, found 3 plugins.
Preloading 0 native plugins for Editor in 0.00 ms.
Mono: successfully reloaded assembly
- Completed reload, in  1.780 seconds
Domain Reload Profiling:
	ReloadAssembly (1780ms)
		BeginReloadAssembly (197ms)
			ExecutionOrderSort (0ms)
			DisableScriptedObjects (9ms)
			BackupInstance (0ms)
			ReleaseScriptingObjects (0ms)
			CreateAndSetChildDomain (51ms)
		EndReloadAssembly (1424ms)
			LoadAssemblies (146ms)
			RebuildTransferFunctionScriptingTraits (0ms)
			SetupTypeCache (406ms)
			ReleaseScriptCaches (2ms)
			RebuildScriptCaches (71ms)
			SetupLoadedEditorAssemblies (740ms)
				LogAssemblyErrors (0ms)
				InitializePlatformSupportModulesInManaged (28ms)
				SetLoadedEditorAssemblies (1ms)
				RefreshPlugins (1ms)
				BeforeProcessingInitializeOnLoad (152ms)
				ProcessInitializeOnLoadAttributes (494ms)
				ProcessInitializeOnLoadMethodAttributes (52ms)
				AfterProcessingInitializeOnLoad (11ms)
				EditorAssembliesLoaded (0ms)
			ExecutionOrderSort2 (0ms)
			AwakeInstancesAfterBackupRestoration (8ms)
Platform modules already initialized, skipping
Refreshing native plugins compatible for Editor in 7.75 ms, found 3 plugins.
Preloading 0 native plugins for Editor in 0.00 ms.
Unloading 3371 Unused Serialized files (Serialized files now loaded: 0)
Unloading 18 unused Assets / (24.6 KB). Loaded Objects now: 3872.
Memory consumption went from 133.5 MB to 133.5 MB.
Total: 5.791700 ms (FindLiveObjects: 0.580700 ms CreateObjectMapping: 0.635800 ms MarkObjects: 4.549600 ms  DeleteObjects: 0.023900 ms)

AssetImportParameters requested are different than current active one (requested -> active):
  custom:video-decoder-ogg-theora: a1e56fd34408186e4bbccfd4996cb3dc -> 
  custom:container-muxer-webm: aa71ff27fc2769a1b78a27578f13a17b -> 
  custom:container-demuxer-webm: 4f35f7cbe854078d1ac9338744f61a02 -> 
  custom:video-encoder-webm-vp8: eb34c28f22e8b96e1ab97ce403110664 -> 
  custom:audio-encoder-webm-vorbis: bf7c407c2cedff20999df2af8eb42d56 -> 
  custom:framework-win-MediaFoundation: 216162199b28c13a410421893ffa2e32 -> 
  custom:container-demuxer-ogg: 62fdf1f143b41e24485cea50d1cbac27 -> 
  custom:video-decoder-webm-vp8: 9c59270c3fd7afecdb556c50c9e8de78 -> 
  custom:audio-decoder-ogg-vorbis: bf7c407c2cedff20999df2af8eb42d56 -> 
========================================================================
Received Import Request.
  Time since last request: 17.539418 seconds.
  path: Assets/Mini First Person Controller/First Person Controller Minimal.prefab
  artifactKey: Guid(f2e0b7ae4dae8cf44955bccd3512b213) Importer(815301076,1909f56bfc062723c751e8b465ee728b)
Start importing Assets/Mini First Person Controller/First Person Controller Minimal.prefab using Guid(f2e0b7ae4dae8cf44955bccd3512b213) Importer(815301076,1909f56bfc062723c751e8b465ee728b)  -> (artifact id: '4fde5828b287195019ac622aa1de4510') in 0.109892 seconds 
========================================================================
Received Import Request.
  Time since last request: 0.000023 seconds.
  path: Assets/Mini First Person Controller/First Person Controller.prefab
  artifactKey: Guid(11aaea5348574644a9eb4f4504fcce3f) Importer(815301076,1909f56bfc062723c751e8b465ee728b)
Start importing Assets/Mini First Person Controller/First Person Controller.prefab using Guid(11aaea5348574644a9eb4f4504fcce3f) Importer(815301076,1909f56bfc062723c751e8b465ee728b)  -> (artifact id: 'cabe19194e97f8b223585447798b2898') in 0.042582 seconds 
========================================================================
Received Prepare
Registering precompiled user dll's ...
Registered in 0.008183 seconds.
Begin MonoManager ReloadAssembly
Symbol file LoadedFromMemory doesn't match image C:\Users\Algo\Documents\GitHub\67\Library\PackageCache\com.unity.visualscripting@1.7.8\Editor\VisualScripting.Core\Dependencies\YamlDotNet\Unity.VisualScripting.YamlDotNet.dll
Symbol file LoadedFromMemory doesn't match image C:\Users\Algo\Documents\GitHub\67\Library\PackageCache\com.unity.visualscripting@1.7.8\Editor\VisualScripting.Core\Dependencies\DotNetZip\Unity.VisualScripting.IonicZip.dll
Native extension for WindowsStandalone target not found
Refreshing native plugins compatible for Editor in 0.97 ms, found 3 plugins.
Preloading 0 native plugins for Editor in 0.00 ms.
Mono: successfully reloaded assembly
- Completed reload, in  4.368 seconds
Domain Reload Profiling:
	ReloadAssembly (4373ms)
		BeginReloadAssembly (215ms)
			ExecutionOrderSort (0ms)
			DisableScriptedObjects (7ms)
			BackupInstance (0ms)
			ReleaseScriptingObjects (0ms)
			CreateAndSetChildDomain (51ms)
		EndReloadAssembly (3971ms)
			LoadAssemblies (165ms)
			RebuildTransferFunctionScriptingTraits (0ms)
			SetupTypeCache (1333ms)
			ReleaseScriptCaches (5ms)
			RebuildScriptCaches (293ms)
			SetupLoadedEditorAssemblies (1727ms)
				LogAssemblyErrors (0ms)
				InitializePlatformSupportModulesInManaged (73ms)
				SetLoadedEditorAssemblies (4ms)
				RefreshPlugins (1ms)
				BeforeProcessingInitializeOnLoad (327ms)
				ProcessInitializeOnLoadAttributes (1126ms)
				ProcessInitializeOnLoadMethodAttributes (153ms)
				AfterProcessingInitializeOnLoad (43ms)
				EditorAssembliesLoaded (0ms)
			ExecutionOrderSort2 (0ms)
			AwakeInstancesAfterBackupRestoration (33ms)
Platform modules already initialized, skipping
Refreshing native plugins compatible for Editor in 10.55 ms, found 3 plugins.
Preloading 0 native plugins for Editor in 0.00 ms.
Unloading 3371 Unused Serialized files (Serialized files now loaded: 0)
Unloading 18 unused Assets / (30.2 KB). Loaded Objects now: 3877.
Memory consumption went from 133.6 MB to 133.6 MB.
Total: 15.773000 ms (FindLiveObjects: 1.226200 ms CreateObjectMapping: 0.873800 ms MarkObjects: 13.591500 ms  DeleteObjects: 0.075500 ms)

AssetImportParameters requested are different than current active one (requested -> active):
  custom:video-decoder-ogg-theora: a1e56fd34408186e4bbccfd4996cb3dc -> 
  custom:container-muxer-webm: aa71ff27fc2769a1b78a27578f13a17b -> 
  custom:container-demuxer-webm: 4f35f7cbe854078d1ac9338744f61a02 -> 
  custom:video-encoder-webm-vp8: eb34c28f22e8b96e1ab97ce403110664 -> 
  custom:audio-encoder-webm-vorbis: bf7c407c2cedff20999df2af8eb42d56 -> 
  custom:framework-win-MediaFoundation: 216162199b28c13a410421893ffa2e32 -> 
  custom:container-demuxer-ogg: 62fdf1f143b41e24485cea50d1cbac27 -> 
  custom:video-decoder-webm-vp8: 9c59270c3fd7afecdb556c50c9e8de78 -> 
  custom:audio-decoder-ogg-vorbis: bf7c407c2cedff20999df2af8eb42d56 -> 
========================================================================
Received Prepare
Registering precompiled user dll's ...
Registered in 0.008833 seconds.
Begin MonoManager ReloadAssembly
Symbol file LoadedFromMemory doesn't match image C:\Users\Algo\Documents\GitHub\67\Library\PackageCache\com.unity.visualscripting@1.7.8\Editor\VisualScripting.Core\Dependencies\YamlDotNet\Unity.VisualScripting.YamlDotNet.dll
Symbol file LoadedFromMemory doesn't match image C:\Users\Algo\Documents\GitHub\67\Library\PackageCache\com.unity.visualscripting@1.7.8\Editor\VisualScripting.Core\Dependencies\DotNetZip\Unity.VisualScripting.IonicZip.dll
Native extension for WindowsStandalone target not found
Refreshing native plugins compatible for Editor in 1.66 ms, found 3 plugins.
Preloading 0 native plugins for Editor in 0.00 ms.
Mono: successfully reloaded assembly
- Completed reload, in  3.451 seconds
Domain Reload Profiling:
	ReloadAssembly (3457ms)
		BeginReloadAssembly (189ms)
			ExecutionOrderSort (0ms)
			DisableScriptedObjects (9ms)
			BackupInstance (0ms)
			ReleaseScriptingObjects (0ms)
			CreateAndSetChildDomain (48ms)
		EndReloadAssembly (3107ms)
			LoadAssemblies (125ms)
			RebuildTransferFunctionScriptingTraits (0ms)
			SetupTypeCache (886ms)
			ReleaseScriptCaches (2ms)
			RebuildScriptCaches (208ms)
			SetupLoadedEditorAssemblies (1570ms)
				LogAssemblyErrors (0ms)
				InitializePlatformSupportModulesInManaged (54ms)
				SetLoadedEditorAssemblies (2ms)
				RefreshPlugins (2ms)
				BeforeProcessingInitializeOnLoad (391ms)
				ProcessInitializeOnLoadAttributes (955ms)
				ProcessInitializeOnLoadMethodAttributes (131ms)
				AfterProcessingInitializeOnLoad (36ms)
				EditorAssembliesLoaded (0ms)
			ExecutionOrderSort2 (0ms)
			AwakeInstancesAfterBackupRestoration (22ms)
Platform modules already initialized, skipping
Refreshing native plugins compatible for Editor in 12.65 ms, found 3 plugins.
Preloading 0 native plugins for Editor in 0.00 ms.
Unloading 3371 Unused Serialized files (Serialized files now loaded: 0)
Unloading 18 unused Assets / (24.8 KB). Loaded Objects now: 3880.
Memory consumption went from 133.6 MB to 133.6 MB.
Total: 13.216500 ms (FindLiveObjects: 0.558200 ms CreateObjectMapping: 1.603500 ms MarkObjects: 11.021200 ms  DeleteObjects: 0.031400 ms)

AssetImportParameters requested are different than current active one (requested -> active):
  custom:video-decoder-ogg-theora: a1e56fd34408186e4bbccfd4996cb3dc -> 
  custom:container-muxer-webm: aa71ff27fc2769a1b78a27578f13a17b -> 
  custom:container-demuxer-webm: 4f35f7cbe854078d1ac9338744f61a02 -> 
  custom:video-encoder-webm-vp8: eb34c28f22e8b96e1ab97ce403110664 -> 
  custom:audio-encoder-webm-vorbis: bf7c407c2cedff20999df2af8eb42d56 -> 
  custom:framework-win-MediaFoundation: 216162199b28c13a410421893ffa2e32 -> 
  custom:container-demuxer-ogg: 62fdf1f143b41e24485cea50d1cbac27 -> 
  custom:video-decoder-webm-vp8: 9c59270c3fd7afecdb556c50c9e8de78 -> 
  custom:audio-decoder-ogg-vorbis: bf7c407c2cedff20999df2af8eb42d56 -> 
========================================================================
Received Prepare
Registering precompiled user dll's ...
Registered in 0.012086 seconds.
Begin MonoManager ReloadAssembly
Symbol file LoadedFromMemory doesn't match image C:\Users\Algo\Documents\GitHub\67\Library\PackageCache\com.unity.visualscripting@1.7.8\Editor\VisualScripting.Core\Dependencies\YamlDotNet\Unity.VisualScripting.YamlDotNet.dll
Symbol file LoadedFromMemory doesn't match image C:\Users\Algo\Documents\GitHub\67\Library\PackageCache\com.unity.visualscripting@1.7.8\Editor\VisualScripting.Core\Dependencies\DotNetZip\Unity.VisualScripting.IonicZip.dll
Native extension for WindowsStandalone target not found
Refreshing native plugins compatible for Editor in 3.13 ms, found 3 plugins.
Preloading 0 native plugins for Editor in 0.00 ms.
Mono: successfully reloaded assembly
- Completed reload, in  4.114 seconds
Domain Reload Profiling:
	ReloadAssembly (4115ms)
		BeginReloadAssembly (192ms)
			ExecutionOrderSort (0ms)
			DisableScriptedObjects (8ms)
			BackupInstance (0ms)
			ReleaseScriptingObjects (0ms)
			CreateAndSetChildDomain (42ms)
		EndReloadAssembly (3776ms)
			LoadAssemblies (139ms)
			RebuildTransferFunctionScriptingTraits (0ms)
			SetupTypeCache (1060ms)
			ReleaseScriptCaches (6ms)
			RebuildScriptCaches (265ms)
			SetupLoadedEditorAssemblies (1897ms)
				LogAssemblyErrors (0ms)
				InitializePlatformSupportModulesInManaged (62ms)
				SetLoadedEditorAssemblies (2ms)
				RefreshPlugins (3ms)
				BeforeProcessingInitializeOnLoad (480ms)
				ProcessInitializeOnLoadAttributes (1156ms)
				ProcessInitializeOnLoadMethodAttributes (145ms)
				AfterProcessingInitializeOnLoad (49ms)
				EditorAssembliesLoaded (1ms)
			ExecutionOrderSort2 (0ms)
			AwakeInstancesAfterBackupRestoration (36ms)
Platform modules already initialized, skipping
Refreshing native plugins compatible for Editor in 9.70 ms, found 3 plugins.
Preloading 0 native plugins for Editor in 0.00 ms.
Unloading 3371 Unused Serialized files (Serialized files now loaded: 0)
Unloading 18 unused Assets / (24.7 KB). Loaded Objects now: 3883.
Memory consumption went from 133.6 MB to 133.6 MB.
Total: 10.692800 ms (FindLiveObjects: 0.520100 ms CreateObjectMapping: 0.333100 ms MarkObjects: 9.800600 ms  DeleteObjects: 0.034700 ms)

AssetImportParameters requested are different than current active one (requested -> active):
  custom:video-decoder-ogg-theora: a1e56fd34408186e4bbccfd4996cb3dc -> 
  custom:container-muxer-webm: aa71ff27fc2769a1b78a27578f13a17b -> 
  custom:container-demuxer-webm: 4f35f7cbe854078d1ac9338744f61a02 -> 
  custom:video-encoder-webm-vp8: eb34c28f22e8b96e1ab97ce403110664 -> 
  custom:audio-encoder-webm-vorbis: bf7c407c2cedff20999df2af8eb42d56 -> 
  custom:framework-win-MediaFoundation: 216162199b28c13a410421893ffa2e32 -> 
  custom:container-demuxer-ogg: 62fdf1f143b41e24485cea50d1cbac27 -> 
  custom:video-decoder-webm-vp8: 9c59270c3fd7afecdb556c50c9e8de78 -> 
  custom:audio-decoder-ogg-vorbis: bf7c407c2cedff20999df2af8eb42d56 -> 
========================================================================
Received Import Request.
  Time since last request: 343.434097 seconds.
  path: Assets/AQUAS-Lite/Textures/AQUAS_Foam.jpg
  artifactKey: Guid(6cb123095ca4b4e4680773312ba1c076) Importer(815301076,1909f56bfc062723c751e8b465ee728b)
Start importing Assets/AQUAS-Lite/Textures/AQUAS_Foam.jpg using Guid(6cb123095ca4b4e4680773312ba1c076) Importer(815301076,1909f56bfc062723c751e8b465ee728b)  -> (artifact id: 'fa8132ce30fb8d4ace538827b8ce5cc4') in 0.095712 seconds 
========================================================================
Received Import Request.
  Time since last request: 0.000046 seconds.
  path: Assets/AQUAS-Lite/Textures/Waves_LoRes.png
  artifactKey: Guid(ef5d03cb57f820145b89db1123c104c6) Importer(815301076,1909f56bfc062723c751e8b465ee728b)
Start importing Assets/AQUAS-Lite/Textures/Waves_LoRes.png using Guid(ef5d03cb57f820145b89db1123c104c6) Importer(815301076,1909f56bfc062723c751e8b465ee728b)  -> (artifact id: 'b3c3de55e4f6d9a5ef49fe0c3e70a4fa') in 0.047303 seconds 
========================================================================
Received Import Request.
  Time since last request: 0.000038 seconds.
  path: Assets/AQUAS-Lite/Textures/Waves_HiRes.png
  artifactKey: Guid(0d05b23ea2d999b47825c6c522e25adc) Importer(815301076,1909f56bfc062723c751e8b465ee728b)
Start importing Assets/AQUAS-Lite/Textures/Waves_HiRes.png using Guid(0d05b23ea2d999b47825c6c522e25adc) Importer(815301076,1909f56bfc062723c751e8b465ee728b)  -> (artifact id: 'f23831c764f4742948c37425bd6ef7ec') in 0.112037 seconds 
========================================================================
Received Prepare
Registering precompiled user dll's ...
Registered in 0.008641 seconds.
Begin MonoManager ReloadAssembly
Symbol file LoadedFromMemory doesn't match image C:\Users\Algo\Documents\GitHub\67\Library\PackageCache\com.unity.visualscripting@1.7.8\Editor\VisualScripting.Core\Dependencies\YamlDotNet\Unity.VisualScripting.YamlDotNet.dll
Symbol file LoadedFromMemory doesn't match image C:\Users\Algo\Documents\GitHub\67\Library\PackageCache\com.unity.visualscripting@1.7.8\Editor\VisualScripting.Core\Dependencies\DotNetZip\Unity.VisualScripting.IonicZip.dll
Native extension for WindowsStandalone target not found
Refreshing native plugins compatible for Editor in 1.28 ms, found 3 plugins.
Preloading 0 native plugins for Editor in 0.00 ms.
Mono: successfully reloaded assembly
- Completed reload, in  1.725 seconds
Domain Reload Profiling:
	ReloadAssembly (1726ms)
		BeginReloadAssembly (186ms)
			ExecutionOrderSort (0ms)
			DisableScriptedObjects (10ms)
			BackupInstance (0ms)
			ReleaseScriptingObjects (0ms)
			CreateAndSetChildDomain (51ms)
		EndReloadAssembly (1356ms)
			LoadAssemblies (120ms)
			RebuildTransferFunctionScriptingTraits (0ms)
			SetupTypeCache (439ms)
			ReleaseScriptCaches (2ms)
			RebuildScriptCaches (103ms)
			SetupLoadedEditorAssemblies (594ms)
				LogAssemblyErrors (0ms)
				InitializePlatformSupportModulesInManaged (40ms)
				SetLoadedEditorAssemblies (1ms)
				RefreshPlugins (1ms)
				BeforeProcessingInitializeOnLoad (204ms)
				ProcessInitializeOnLoadAttributes (275ms)
				ProcessInitializeOnLoadMethodAttributes (62ms)
				AfterProcessingInitializeOnLoad (11ms)
				EditorAssembliesLoaded (0ms)
			ExecutionOrderSort2 (0ms)
			AwakeInstancesAfterBackupRestoration (9ms)
Platform modules already initialized, skipping
Refreshing native plugins compatible for Editor in 3.79 ms, found 3 plugins.
Preloading 0 native plugins for Editor in 0.00 ms.
Unloading 3373 Unused Serialized files (Serialized files now loaded: 0)
Unloading 19 unused Assets / (72.8 KB). Loaded Objects now: 3889.
Memory consumption went from 134.0 MB to 133.9 MB.
Total: 4.268100 ms (FindLiveObjects: 0.428900 ms CreateObjectMapping: 0.373000 ms MarkObjects: 3.379900 ms  DeleteObjects: 0.085000 ms)

AssetImportParameters requested are different than current active one (requested -> active):
  custom:video-decoder-ogg-theora: a1e56fd34408186e4bbccfd4996cb3dc -> 
  custom:container-muxer-webm: aa71ff27fc2769a1b78a27578f13a17b -> 
  custom:container-demuxer-webm: 4f35f7cbe854078d1ac9338744f61a02 -> 
  custom:video-encoder-webm-vp8: eb34c28f22e8b96e1ab97ce403110664 -> 
  custom:audio-encoder-webm-vorbis: bf7c407c2cedff20999df2af8eb42d56 -> 
  custom:framework-win-MediaFoundation: 216162199b28c13a410421893ffa2e32 -> 
  custom:container-demuxer-ogg: 62fdf1f143b41e24485cea50d1cbac27 -> 
  custom:video-decoder-webm-vp8: 9c59270c3fd7afecdb556c50c9e8de78 -> 
  custom:audio-decoder-ogg-vorbis: bf7c407c2cedff20999df2af8eb42d56 -> 
========================================================================
Received Import Request.
  Time since last request: 67.517523 seconds.
  path: Assets/Lantern/Laterns demoSettings.lighting
  artifactKey: Guid(baa8ebbe88dca4526bfedbc4d57c90ac) Importer(815301076,1909f56bfc062723c751e8b465ee728b)
Start importing Assets/Lantern/Laterns demoSettings.lighting using Guid(baa8ebbe88dca4526bfedbc4d57c90ac) Importer(815301076,1909f56bfc062723c751e8b465ee728b) LightingSettings: switching bake backend from 1 to 0.
 -> (artifact id: 'bc1f9267f5b124e5a24eef5140ecd5e6') in 0.038120 seconds 
========================================================================
Received Import Request.
  Time since last request: 6.849207 seconds.
  path: Assets/New Terrain 1.asset
  artifactKey: Guid(27be76af194d3ae4bbdf04cf20cc7ebe) Importer(815301076,1909f56bfc062723c751e8b465ee728b)
Start importing Assets/New Terrain 1.asset using Guid(27be76af194d3ae4bbdf04cf20cc7ebe) Importer(815301076,1909f56bfc062723c751e8b465ee728b)  -> (artifact id: '0492409ce5cf833493828313390c01b5') in 0.046929 seconds 
========================================================================
Received Import Request.
  Time since last request: 2.887046 seconds.
  path: Assets/AQUAS-Lite/Demo/ALiteDemoTerrain.asset
  artifactKey: Guid(9a203924af969ff4e9e93eb1129c14a9) Importer(815301076,1909f56bfc062723c751e8b465ee728b)
Start importing Assets/AQUAS-Lite/Demo/ALiteDemoTerrain.asset using Guid(9a203924af969ff4e9e93eb1129c14a9) Importer(815301076,1909f56bfc062723c751e8b465ee728b)  -> (artifact id: 'cf1940bb13d74ffeae6398d995f62f05') in 0.207409 seconds 
========================================================================
Received Import Request.
  Time since last request: 0.527752 seconds.
  path: Assets/AQUAS-Lite/Materials/AQUAS_Lite_Water.mat
  artifactKey: Guid(f59ea535bb715ca4da8afac832fd36eb) Importer(815301076,1909f56bfc062723c751e8b465ee728b)
Start importing Assets/AQUAS-Lite/Materials/AQUAS_Lite_Water.mat using Guid(f59ea535bb715ca4da8afac832fd36eb) Importer(815301076,1909f56bfc062723c751e8b465ee728b)  -> (artifact id: 'e192024f4b3461119af05fd37b26c939') in 0.613091 seconds 
========================================================================
Received Import Request.
  Time since last request: 0.000036 seconds.
  path: Assets/AQUAS-Lite/Materials/AQUAS_Lite_Water_Backface.mat
  artifactKey: Guid(6363f60797ab0fb49b1ff852b0978304) Importer(815301076,1909f56bfc062723c751e8b465ee728b)
Start importing Assets/AQUAS-Lite/Materials/AQUAS_Lite_Water_Backface.mat using Guid(6363f60797ab0fb49b1ff852b0978304) Importer(815301076,1909f56bfc062723c751e8b465ee728b)  -> (artifact id: 'bb22b5bf520e331bde892a1cac783bca') in 0.282231 seconds 
========================================================================
Received Import Request.
  Time since last request: 1.770796 seconds.
  path: Assets/AQUAS-Lite/Prefabs/WaterPlane.prefab
  artifactKey: Guid(6488b6e6bbe8a9c4585b531a71d8211c) Importer(815301076,1909f56bfc062723c751e8b465ee728b)
Start importing Assets/AQUAS-Lite/Prefabs/WaterPlane.prefab using Guid(6488b6e6bbe8a9c4585b531a71d8211c) Importer(815301076,1909f56bfc062723c751e8b465ee728b)  -> (artifact id: 'c34d7a77887644dc8a899da086892ea9') in 0.082469 seconds 
========================================================================
Received Import Request.
  Time since last request: 19.355715 seconds.
  path: Assets/_TerrainAutoUpgrade
  artifactKey: Guid(5f174819c55c4c24890051bbe69e4fca) Importer(815301076,1909f56bfc062723c751e8b465ee728b)
Start importing Assets/_TerrainAutoUpgrade using Guid(5f174819c55c4c24890051bbe69e4fca) Importer(815301076,1909f56bfc062723c751e8b465ee728b)  -> (artifact id: 'b70572dab592f67bc8c12c7ed5c2a208') in 0.028158 seconds 
========================================================================
Received Import Request.
  Time since last request: 10.279537 seconds.
  path: Assets/AQUAS-Lite/Materials
  artifactKey: Guid(bf37ea52eb1ccfc45bad29c19f5cd7f3) Importer(815301076,1909f56bfc062723c751e8b465ee728b)
Start importing Assets/AQUAS-Lite/Materials using Guid(bf37ea52eb1ccfc45bad29c19f5cd7f3) Importer(815301076,1909f56bfc062723c751e8b465ee728b)  -> (artifact id: '9a4b86f41a320a29dbde2aa107eb51b8') in 0.025009 seconds 
========================================================================
Received Import Request.
  Time since last request: 3.779845 seconds.
  path: Assets/Lantern
  artifactKey: Guid(ae6077a4b04874b2c9da3d317d097d2e) Importer(815301076,1909f56bfc062723c751e8b465ee728b)
Start importing Assets/Lantern using Guid(ae6077a4b04874b2c9da3d317d097d2e) Importer(815301076,1909f56bfc062723c751e8b465ee728b)  -> (artifact id: '850a4868dc59588c68d3b3f5aac86ff2') in 0.028424 seconds 
========================================================================
Received Import Request.
  Time since last request: 1.539014 seconds.
  path: Assets/Lantern/Animation
  artifactKey: Guid(c1e1e53af99dd41bf9e766e7b58cc6a2) Importer(815301076,1909f56bfc062723c751e8b465ee728b)
Start importing Assets/Lantern/Animation using Guid(c1e1e53af99dd41bf9e766e7b58cc6a2) Importer(815301076,1909f56bfc062723c751e8b465ee728b)  -> (artifact id: 'd71bb352916d6a4734a0c0f354d966e6') in 0.028198 seconds 
========================================================================
Received Import Request.
  Time since last request: 3.479911 seconds.
  path: Assets/Lantern/Art
  artifactKey: Guid(d1f46883e30cd4a3fab76fb7c823b703) Importer(815301076,1909f56bfc062723c751e8b465ee728b)
Start importing Assets/Lantern/Art using Guid(d1f46883e30cd4a3fab76fb7c823b703) Importer(815301076,1909f56bfc062723c751e8b465ee728b)  -> (artifact id: 'c02b582184fe09957fc2a0fc95269137') in 0.026634 seconds 
========================================================================
Received Prepare
Registering precompiled user dll's ...
Registered in 0.007022 seconds.
Begin MonoManager ReloadAssembly
Symbol file LoadedFromMemory doesn't match image C:\Users\Algo\Documents\GitHub\67\Library\PackageCache\com.unity.visualscripting@1.7.8\Editor\VisualScripting.Core\Dependencies\YamlDotNet\Unity.VisualScripting.YamlDotNet.dll
Symbol file LoadedFromMemory doesn't match image C:\Users\Algo\Documents\GitHub\67\Library\PackageCache\com.unity.visualscripting@1.7.8\Editor\VisualScripting.Core\Dependencies\DotNetZip\Unity.VisualScripting.IonicZip.dll
Native extension for WindowsStandalone target not found
Refreshing native plugins compatible for Editor in 0.63 ms, found 3 plugins.
Preloading 0 native plugins for Editor in 0.00 ms.
Mono: successfully reloaded assembly
- Completed reload, in  1.545 seconds
Domain Reload Profiling:
	ReloadAssembly (1547ms)
		BeginReloadAssembly (191ms)
			ExecutionOrderSort (0ms)
			DisableScriptedObjects (12ms)
			BackupInstance (0ms)
			ReleaseScriptingObjects (0ms)
			CreateAndSetChildDomain (42ms)
		EndReloadAssembly (1124ms)
			LoadAssemblies (145ms)
			RebuildTransferFunctionScriptingTraits (0ms)
			SetupTypeCache (507ms)
			ReleaseScriptCaches (1ms)
			RebuildScriptCaches (47ms)
			SetupLoadedEditorAssemblies (386ms)
				LogAssemblyErrors (0ms)
				InitializePlatformSupportModulesInManaged (16ms)
				SetLoadedEditorAssemblies (1ms)
				RefreshPlugins (1ms)
				BeforeProcessingInitializeOnLoad (85ms)
				ProcessInitializeOnLoadAttributes (241ms)
				ProcessInitializeOnLoadMethodAttributes (33ms)
				AfterProcessingInitializeOnLoad (9ms)
				EditorAssembliesLoaded (0ms)
			ExecutionOrderSort2 (0ms)
			AwakeInstancesAfterBackupRestoration (9ms)
Platform modules already initialized, skipping
Refreshing native plugins compatible for Editor in 2.17 ms, found 3 plugins.
Preloading 0 native plugins for Editor in 0.00 ms.
Unloading 3373 Unused Serialized files (Serialized files now loaded: 0)
Unloading 19 unused Assets / (72.8 KB). Loaded Objects now: 3926.
Memory consumption went from 134.2 MB to 134.1 MB.
Total: 5.123600 ms (FindLiveObjects: 0.338300 ms CreateObjectMapping: 0.251100 ms MarkObjects: 4.443400 ms  DeleteObjects: 0.089300 ms)

AssetImportParameters requested are different than current active one (requested -> active):
  custom:video-decoder-ogg-theora: a1e56fd34408186e4bbccfd4996cb3dc -> 
  custom:container-muxer-webm: aa71ff27fc2769a1b78a27578f13a17b -> 
  custom:container-demuxer-webm: 4f35f7cbe854078d1ac9338744f61a02 -> 
  custom:video-encoder-webm-vp8: eb34c28f22e8b96e1ab97ce403110664 -> 
  custom:audio-encoder-webm-vorbis: bf7c407c2cedff20999df2af8eb42d56 -> 
  custom:framework-win-MediaFoundation: 216162199b28c13a410421893ffa2e32 -> 
  custom:container-demuxer-ogg: 62fdf1f143b41e24485cea50d1cbac27 -> 
  custom:video-decoder-webm-vp8: 9c59270c3fd7afecdb556c50c9e8de78 -> 
  custom:audio-decoder-ogg-vorbis: bf7c407c2cedff20999df2af8eb42d56 -> 
========================================================================
Received Import Request.
  Time since last request: 11.570246 seconds.
  path: Assets/art/Lantern/Prefabs/CarvedPost2.prefab
  artifactKey: Guid(94f10da449387134eb5a2276906ccdfd) Importer(815301076,1909f56bfc062723c751e8b465ee728b)
Start importing Assets/art/Lantern/Prefabs/CarvedPost2.prefab using Guid(94f10da449387134eb5a2276906ccdfd) Importer(815301076,1909f56bfc062723c751e8b465ee728b)  -> (artifact id: 'cd7491a8dd40bd7894976b461cb718c5') in 0.737658 seconds 
========================================================================
Received Prepare
Registering precompiled user dll's ...
Registered in 0.008533 seconds.
Begin MonoManager ReloadAssembly
Symbol file LoadedFromMemory doesn't match image C:\Users\Algo\Documents\GitHub\67\Library\PackageCache\com.unity.visualscripting@1.7.8\Editor\VisualScripting.Core\Dependencies\YamlDotNet\Unity.VisualScripting.YamlDotNet.dll
Symbol file LoadedFromMemory doesn't match image C:\Users\Algo\Documents\GitHub\67\Library\PackageCache\com.unity.visualscripting@1.7.8\Editor\VisualScripting.Core\Dependencies\DotNetZip\Unity.VisualScripting.IonicZip.dll
Native extension for WindowsStandalone target not found
Refreshing native plugins compatible for Editor in 1.31 ms, found 3 plugins.
Preloading 0 native plugins for Editor in 0.00 ms.
Mono: successfully reloaded assembly
- Completed reload, in  4.241 seconds
Domain Reload Profiling:
	ReloadAssembly (4244ms)
		BeginReloadAssembly (196ms)
			ExecutionOrderSort (0ms)
			DisableScriptedObjects (7ms)
			BackupInstance (0ms)
			ReleaseScriptingObjects (0ms)
			CreateAndSetChildDomain (52ms)
		EndReloadAssembly (3888ms)
			LoadAssemblies (133ms)
			RebuildTransferFunctionScriptingTraits (0ms)
			SetupTypeCache (1275ms)
			ReleaseScriptCaches (6ms)
			RebuildScriptCaches (341ms)
			SetupLoadedEditorAssemblies (1710ms)
				LogAssemblyErrors (0ms)
				InitializePlatformSupportModulesInManaged (67ms)
				SetLoadedEditorAssemblies (4ms)
				RefreshPlugins (1ms)
				BeforeProcessingInitializeOnLoad (325ms)
				ProcessInitializeOnLoadAttributes (1121ms)
				ProcessInitializeOnLoadMethodAttributes (147ms)
				AfterProcessingInitializeOnLoad (45ms)
				EditorAssembliesLoaded (1ms)
			ExecutionOrderSort2 (0ms)
			AwakeInstancesAfterBackupRestoration (28ms)
Platform modules already initialized, skipping
Refreshing native plugins compatible for Editor in 12.62 ms, found 3 plugins.
Preloading 0 native plugins for Editor in 0.00 ms.
Unloading 3373 Unused Serialized files (Serialized files now loaded: 0)
Unloading 18 unused Assets / (24.7 KB). Loaded Objects now: 3931.
Memory consumption went from 134.7 MB to 134.7 MB.
Total: 16.300700 ms (FindLiveObjects: 0.457300 ms CreateObjectMapping: 0.720900 ms MarkObjects: 14.982500 ms  DeleteObjects: 0.136300 ms)

AssetImportParameters requested are different than current active one (requested -> active):
  custom:video-decoder-ogg-theora: a1e56fd34408186e4bbccfd4996cb3dc -> 
  custom:container-muxer-webm: aa71ff27fc2769a1b78a27578f13a17b -> 
  custom:container-demuxer-webm: 4f35f7cbe854078d1ac9338744f61a02 -> 
  custom:video-encoder-webm-vp8: eb34c28f22e8b96e1ab97ce403110664 -> 
  custom:audio-encoder-webm-vorbis: bf7c407c2cedff20999df2af8eb42d56 -> 
  custom:framework-win-MediaFoundation: 216162199b28c13a410421893ffa2e32 -> 
  custom:container-demuxer-ogg: 62fdf1f143b41e24485cea50d1cbac27 -> 
  custom:video-decoder-webm-vp8: 9c59270c3fd7afecdb556c50c9e8de78 -> 
  custom:audio-decoder-ogg-vorbis: bf7c407c2cedff20999df2af8eb42d56 -> 
========================================================================
Received Import Request.
  Time since last request: 751.164316 seconds.
  path: Assets/art/Lantern/Code
  artifactKey: Guid(aa85bca75d89349d49c9a59d867f47c7) Importer(815301076,1909f56bfc062723c751e8b465ee728b)
Start importing Assets/art/Lantern/Code using Guid(aa85bca75d89349d49c9a59d867f47c7) Importer(815301076,1909f56bfc062723c751e8b465ee728b)  -> (artifact id: '769addb8021848f29c87b20bacd08fa8') in 0.037407 seconds 
========================================================================
Received Import Request.
  Time since last request: 2.973761 seconds.
  path: Assets/art/Lantern/Prefabs
  artifactKey: Guid(34f0c48584bb445f89871fdf3c7e2320) Importer(815301076,1909f56bfc062723c751e8b465ee728b)
Start importing Assets/art/Lantern/Prefabs using Guid(34f0c48584bb445f89871fdf3c7e2320) Importer(815301076,1909f56bfc062723c751e8b465ee728b)  -> (artifact id: '942d3a79c706359e4303a0ab0c3c03aa') in 0.027282 seconds 
========================================================================
Received Import Request.
  Time since last request: 16.320662 seconds.
  path: Assets/art/Lantern/Art/Textures
  artifactKey: Guid(6ad4404c8199e4ff78b1704dd0e69d7b) Importer(815301076,1909f56bfc062723c751e8b465ee728b)
Start importing Assets/art/Lantern/Art/Textures using Guid(6ad4404c8199e4ff78b1704dd0e69d7b) Importer(815301076,1909f56bfc062723c751e8b465ee728b)  -> (artifact id: 'ea9ef8637989ac20be225a48a0c73292') in 0.028114 seconds 
========================================================================
Received Import Request.
  Time since last request: 0.064920 seconds.
  path: Assets/art/Lantern/Art/Textures/Candle2 [Albedo].png
  artifactKey: Guid(e21011fce7663c14b86d62e5dac457ea) Importer(815301076,1909f56bfc062723c751e8b465ee728b)
Start importing Assets/art/Lantern/Art/Textures/Candle2 [Albedo].png using Guid(e21011fce7663c14b86d62e5dac457ea) Importer(815301076,1909f56bfc062723c751e8b465ee728b)  -> (artifact id: '202050c8ed57515d0b6656109a428002') in 0.072898 seconds 
========================================================================
Received Import Request.
  Time since last request: 0.000028 seconds.
  path: Assets/art/Lantern/Art/Textures/Glass2 [Albedo].psd
  artifactKey: Guid(e4be82f6cd8407948b0dc9afd5888253) Importer(815301076,1909f56bfc062723c751e8b465ee728b)
Start importing Assets/art/Lantern/Art/Textures/Glass2 [Albedo].psd using Guid(e4be82f6cd8407948b0dc9afd5888253) Importer(815301076,1909f56bfc062723c751e8b465ee728b)  -> (artifact id: '2bfa5702ba557ef988646f89d12de6cd') in 0.044291 seconds 
========================================================================
Received Import Request.
  Time since last request: 0.000030 seconds.
  path: Assets/art/Lantern/Art/Textures/Glass2 [Normal].png
  artifactKey: Guid(fe2ad94daa0a12a4da4b1068441f64a9) Importer(815301076,1909f56bfc062723c751e8b465ee728b)
Start importing Assets/art/Lantern/Art/Textures/Glass2 [Normal].png using Guid(fe2ad94daa0a12a4da4b1068441f64a9) Importer(815301076,1909f56bfc062723c751e8b465ee728b)  -> (artifact id: '323929e72ef22b6663c29ce0cff548fa') in 0.035096 seconds 
========================================================================
Received Import Request.
  Time since last request: 0.000066 seconds.
  path: Assets/art/Lantern/Art/Textures/CarvedLampPost [Normal].png
  artifactKey: Guid(182d8cf2696018f438b0324013039ba4) Importer(815301076,1909f56bfc062723c751e8b465ee728b)
Start importing Assets/art/Lantern/Art/Textures/CarvedLampPost [Normal].png using Guid(182d8cf2696018f438b0324013039ba4) Importer(815301076,1909f56bfc062723c751e8b465ee728b)  -> (artifact id: '002e7e76b932983d75dadbae4d626f59') in 0.043232 seconds 
========================================================================
Received Import Request.
  Time since last request: 0.000048 seconds.
  path: Assets/art/Lantern/Art/Textures/CarvedLampPost [Albedo].png
  artifactKey: Guid(fe360e8cd6fb08f4db6a59a22161a60c) Importer(815301076,1909f56bfc062723c751e8b465ee728b)
Start importing Assets/art/Lantern/Art/Textures/CarvedLampPost [Albedo].png using Guid(fe360e8cd6fb08f4db6a59a22161a60c) Importer(815301076,1909f56bfc062723c751e8b465ee728b)  -> (artifact id: 'fb808fa735300d408ce712804b2fc10d') in 0.041321 seconds 
========================================================================
Received Import Request.
  Time since last request: 0.000029 seconds.
  path: Assets/art/Lantern/Art/Textures/Candle2 [Specular].tif
  artifactKey: Guid(2488b7231f29a604b846afaf2cadfd98) Importer(815301076,1909f56bfc062723c751e8b465ee728b)
Start importing Assets/art/Lantern/Art/Textures/Candle2 [Specular].tif using Guid(2488b7231f29a604b846afaf2cadfd98) Importer(815301076,1909f56bfc062723c751e8b465ee728b)  -> (artifact id: 'e53be17997b3dcbd0fffd614d2208cd4') in 0.030192 seconds 
========================================================================
Received Import Request.
  Time since last request: 0.000023 seconds.
  path: Assets/art/Lantern/Art/Textures/Candle2 emission.png
  artifactKey: Guid(6545dea8da10a374f899fc0228757015) Importer(815301076,1909f56bfc062723c751e8b465ee728b)
Start importing Assets/art/Lantern/Art/Textures/Candle2 emission.png using Guid(6545dea8da10a374f899fc0228757015) Importer(815301076,1909f56bfc062723c751e8b465ee728b)  -> (artifact id: 'a58af7060096e8aa23a173a8f0cd4645') in 0.019935 seconds 
========================================================================
Received Import Request.
  Time since last request: 0.000023 seconds.
  path: Assets/art/Lantern/Art/Textures/CarvedLampPost2 [Normal].png
  artifactKey: Guid(db32dc5877f14134fbe0a6fb5d233db9) Importer(815301076,1909f56bfc062723c751e8b465ee728b)
Start importing Assets/art/Lantern/Art/Textures/CarvedLampPost2 [Normal].png using Guid(db32dc5877f14134fbe0a6fb5d233db9) Importer(815301076,1909f56bfc062723c751e8b465ee728b)  -> (artifact id: 'ff92a8de621597d0e4a8c2f2d9943872') in 0.036913 seconds 
========================================================================
Received Import Request.
  Time since last request: 0.000044 seconds.
  path: Assets/art/Lantern/Art/Textures/Latern2 [Albedo].png
  artifactKey: Guid(81d417afa0a09af4eb65f1415a4547b6) Importer(815301076,1909f56bfc062723c751e8b465ee728b)
Start importing Assets/art/Lantern/Art/Textures/Latern2 [Albedo].png using Guid(81d417afa0a09af4eb65f1415a4547b6) Importer(815301076,1909f56bfc062723c751e8b465ee728b)  -> (artifact id: '9f39c49501fc44e06c868ce087df79ba') in 0.043321 seconds 
========================================================================
Received Import Request.
  Time since last request: 0.000044 seconds.
  path: Assets/art/Lantern/Art/Textures/CarvedLampPost2 [Albedo].png
  artifactKey: Guid(1f35c83ac2332574aae42ce893a0d133) Importer(815301076,1909f56bfc062723c751e8b465ee728b)
Start importing Assets/art/Lantern/Art/Textures/CarvedLampPost2 [Albedo].png using Guid(1f35c83ac2332574aae42ce893a0d133) Importer(815301076,1909f56bfc062723c751e8b465ee728b)  -> (artifact id: 'f68c4cd02ef9ac5a231f2f1decb97e90') in 0.042894 seconds 
========================================================================
Received Import Request.
  Time since last request: 0.000087 seconds.
  path: Assets/art/Lantern/Art/Textures/Latern2 [Specular].tif
  artifactKey: Guid(4af55a2e9db758341b9990acd5cb7a27) Importer(815301076,1909f56bfc062723c751e8b465ee728b)
Start importing Assets/art/Lantern/Art/Textures/Latern2 [Specular].tif using Guid(4af55a2e9db758341b9990acd5cb7a27) Importer(815301076,1909f56bfc062723c751e8b465ee728b)  -> (artifact id: '4c45788d2efa4ad1105a31fd672ff489') in 0.053006 seconds 
========================================================================
Received Import Request.
  Time since last request: 0.000030 seconds.
  path: Assets/art/Lantern/Art/Textures/Latern2 [Normal].png
  artifactKey: Guid(17f4317bfae6ff544ab6cf01f2c65c61) Importer(815301076,1909f56bfc062723c751e8b465ee728b)
Start importing Assets/art/Lantern/Art/Textures/Latern2 [Normal].png using Guid(17f4317bfae6ff544ab6cf01f2c65c61) Importer(815301076,1909f56bfc062723c751e8b465ee728b)  -> (artifact id: '6344447545a0ba449b7a2405f6daf0f1') in 0.044215 seconds 
========================================================================
Received Import Request.
  Time since last request: 0.000059 seconds.
  path: Assets/art/Lantern/Art/Textures/CarvedLampPost2 [Specular].tif
  artifactKey: Guid(d12d4b4596e1af848a9ba0f3f003a66f) Importer(815301076,1909f56bfc062723c751e8b465ee728b)
Start importing Assets/art/Lantern/Art/Textures/CarvedLampPost2 [Specular].tif using Guid(d12d4b4596e1af848a9ba0f3f003a66f) Importer(815301076,1909f56bfc062723c751e8b465ee728b)  -> (artifact id: '33c616d83677a6984d9e357240ef306d') in 0.038378 seconds 
========================================================================
Received Import Request.
  Time since last request: 0.000024 seconds.
  path: Assets/art/Lantern/Art/Textures/Glass2.mat
  artifactKey: Guid(d42d8fdd97de9f546a90efec90ea8100) Importer(815301076,1909f56bfc062723c751e8b465ee728b)
Start importing Assets/art/Lantern/Art/Textures/Glass2.mat using Guid(d42d8fdd97de9f546a90efec90ea8100) Importer(815301076,1909f56bfc062723c751e8b465ee728b)  -> (artifact id: '5229c8151c20f946cca72d28bd9bdd09') in 0.061355 seconds 
========================================================================
Received Import Request.
  Time since last request: 0.000070 seconds.
  path: Assets/art/Lantern/Art/Textures/red_flame.tif
  artifactKey: Guid(e467a7f7b7a4a714db7da4a6ada82425) Importer(815301076,1909f56bfc062723c751e8b465ee728b)
Start importing Assets/art/Lantern/Art/Textures/red_flame.tif using Guid(e467a7f7b7a4a714db7da4a6ada82425) Importer(815301076,1909f56bfc062723c751e8b465ee728b)  -> (artifact id: '7198d630658131152fc3d9a148a00dbf') in 0.327602 seconds 
========================================================================
Received Import Request.
  Time since last request: 0.000039 seconds.
  path: Assets/art/Lantern/Art/Textures/Candle2 [Normal].png
  artifactKey: Guid(119fa3bb4e4e6c647aea2a4bfe0a2d30) Importer(815301076,1909f56bfc062723c751e8b465ee728b)
Start importing Assets/art/Lantern/Art/Textures/Candle2 [Normal].png using Guid(119fa3bb4e4e6c647aea2a4bfe0a2d30) Importer(815301076,1909f56bfc062723c751e8b465ee728b)  -> (artifact id: 'ddd512507fbbb7d3e56fe3c6ee79dac8') in 0.049476 seconds 
========================================================================
Received Import Request.
  Time since last request: 0.000049 seconds.
  path: Assets/art/Lantern/Art/Textures/CarvedLampPost [Specular].tif
  artifactKey: Guid(93997d9efb46915458ae8da4dd7c9e8d) Importer(815301076,1909f56bfc062723c751e8b465ee728b)
Start importing Assets/art/Lantern/Art/Textures/CarvedLampPost [Specular].tif using Guid(93997d9efb46915458ae8da4dd7c9e8d) Importer(815301076,1909f56bfc062723c751e8b465ee728b)  -> (artifact id: '78aa2a945671f02e5c533bf5489e20f4') in 0.046182 seconds 
========================================================================
Received Import Request.
  Time since last request: 2.072759 seconds.
  path: Assets/art/Lantern/Art/Models/CarvedPost2.fbx
  artifactKey: Guid(4c09d887a9821bd4fbf5c56c4bb3477d) Importer(815301076,1909f56bfc062723c751e8b465ee728b)
Start importing Assets/art/Lantern/Art/Models/CarvedPost2.fbx using Guid(4c09d887a9821bd4fbf5c56c4bb3477d) Importer(815301076,1909f56bfc062723c751e8b465ee728b)  -> (artifact id: '48ad43a7e798e42cc6bfc33b275db5f6') in 0.100690 seconds 
========================================================================
Received Import Request.
  Time since last request: 0.000027 seconds.
  path: Assets/art/Lantern/Art/Models/Latern2.fbx
  artifactKey: Guid(2822a6c192bfe4644849c5e3d4bb4f2a) Importer(815301076,1909f56bfc062723c751e8b465ee728b)
Start importing Assets/art/Lantern/Art/Models/Latern2.fbx using Guid(2822a6c192bfe4644849c5e3d4bb4f2a) Importer(815301076,1909f56bfc062723c751e8b465ee728b)  -> (artifact id: '1e569bd424760a457794f442c2f65733') in 0.128366 seconds 
========================================================================
Received Import Request.
  Time since last request: 27.530524 seconds.
  path: Assets/art/Lantern/Art/Materials/Candle2_colormap.mat
  artifactKey: Guid(e8a238b982fb7d84483855148e713386) Importer(815301076,1909f56bfc062723c751e8b465ee728b)
Start importing Assets/art/Lantern/Art/Materials/Candle2_colormap.mat using Guid(e8a238b982fb7d84483855148e713386) Importer(815301076,1909f56bfc062723c751e8b465ee728b)  -> (artifact id: 'e1fbbbdea61227a76bd8bb902322e17a') in 0.024469 seconds 
========================================================================
Received Import Request.
  Time since last request: 0.000025 seconds.
  path: Assets/art/Lantern/Art/Materials/Lamp2colormap.mat
  artifactKey: Guid(b5468ab085cc2a04b8f560aff873e193) Importer(815301076,1909f56bfc062723c751e8b465ee728b)
Start importing Assets/art/Lantern/Art/Materials/Lamp2colormap.mat using Guid(b5468ab085cc2a04b8f560aff873e193) Importer(815301076,1909f56bfc062723c751e8b465ee728b)  -> (artifact id: 'd03df815f883dd8eb4b76c07cf607458') in 0.039512 seconds 
========================================================================
Received Import Request.
  Time since last request: 0.000043 seconds.
  path: Assets/art/Lantern/Art/Materials/CarvedLampPost.mat
  artifactKey: Guid(77d10d81f215eb34bba1e5cb65e39a24) Importer(815301076,1909f56bfc062723c751e8b465ee728b)
Start importing Assets/art/Lantern/Art/Materials/CarvedLampPost.mat using Guid(77d10d81f215eb34bba1e5cb65e39a24) Importer(815301076,1909f56bfc062723c751e8b465ee728b)  -> (artifact id: 'a02b3af573d23bc3162d90d8072db337') in 0.054459 seconds 
========================================================================
Received Import Request.
  Time since last request: 0.000046 seconds.
  path: Assets/art/Lantern/Art/Materials/CarvedLampPost2.mat
  artifactKey: Guid(01417397b4060a84dabece89e51fb467) Importer(815301076,1909f56bfc062723c751e8b465ee728b)
Start importing Assets/art/Lantern/Art/Materials/CarvedLampPost2.mat using Guid(01417397b4060a84dabece89e51fb467) Importer(815301076,1909f56bfc062723c751e8b465ee728b)  -> (artifact id: 'd4fd477f01c650658bc6cf094ae3aa6d') in 0.063506 seconds 
========================================================================
Received Prepare
Registering precompiled user dll's ...
Registered in 0.007315 seconds.
Begin MonoManager ReloadAssembly
Symbol file LoadedFromMemory doesn't match image C:\Users\Algo\Documents\GitHub\67\Library\PackageCache\com.unity.visualscripting@1.7.8\Editor\VisualScripting.Core\Dependencies\YamlDotNet\Unity.VisualScripting.YamlDotNet.dll
Symbol file LoadedFromMemory doesn't match image C:\Users\Algo\Documents\GitHub\67\Library\PackageCache\com.unity.visualscripting@1.7.8\Editor\VisualScripting.Core\Dependencies\DotNetZip\Unity.VisualScripting.IonicZip.dll
Native extension for WindowsStandalone target not found
Refreshing native plugins compatible for Editor in 1.07 ms, found 3 plugins.
Preloading 0 native plugins for Editor in 0.00 ms.
Mono: successfully reloaded assembly
- Completed reload, in  4.856 seconds
Domain Reload Profiling:
	ReloadAssembly (4858ms)
		BeginReloadAssembly (208ms)
			ExecutionOrderSort (0ms)
			DisableScriptedObjects (9ms)
			BackupInstance (0ms)
			ReleaseScriptingObjects (0ms)
			CreateAndSetChildDomain (54ms)
		EndReloadAssembly (4427ms)
			LoadAssemblies (171ms)
			RebuildTransferFunctionScriptingTraits (0ms)
			SetupTypeCache (1586ms)
			ReleaseScriptCaches (6ms)
			RebuildScriptCaches (316ms)
			SetupLoadedEditorAssemblies (1873ms)
				LogAssemblyErrors (0ms)
				InitializePlatformSupportModulesInManaged (84ms)
				SetLoadedEditorAssemblies (2ms)
				RefreshPlugins (2ms)
				BeforeProcessingInitializeOnLoad (354ms)
				ProcessInitializeOnLoadAttributes (1251ms)
				ProcessInitializeOnLoadMethodAttributes (149ms)
				AfterProcessingInitializeOnLoad (30ms)
				EditorAssembliesLoaded (1ms)
			ExecutionOrderSort2 (0ms)
			AwakeInstancesAfterBackupRestoration (34ms)
Platform modules already initialized, skipping
Refreshing native plugins compatible for Editor in 10.17 ms, found 3 plugins.
Preloading 0 native plugins for Editor in 0.00 ms.
Unloading 3372 Unused Serialized files (Serialized files now loaded: 0)
Unloading 18 unused Assets / (24.6 KB). Loaded Objects now: 3938.
Memory consumption went from 134.5 MB to 134.5 MB.
Total: 11.516900 ms (FindLiveObjects: 1.013100 ms CreateObjectMapping: 0.812100 ms MarkObjects: 9.652600 ms  DeleteObjects: 0.037400 ms)

AssetImportParameters requested are different than current active one (requested -> active):
  custom:video-decoder-ogg-theora: a1e56fd34408186e4bbccfd4996cb3dc -> 
  custom:container-muxer-webm: aa71ff27fc2769a1b78a27578f13a17b -> 
  custom:container-demuxer-webm: 4f35f7cbe854078d1ac9338744f61a02 -> 
  custom:video-encoder-webm-vp8: eb34c28f22e8b96e1ab97ce403110664 -> 
  custom:audio-encoder-webm-vorbis: bf7c407c2cedff20999df2af8eb42d56 -> 
  custom:framework-win-MediaFoundation: 216162199b28c13a410421893ffa2e32 -> 
  custom:container-demuxer-ogg: 62fdf1f143b41e24485cea50d1cbac27 -> 
  custom:video-decoder-webm-vp8: 9c59270c3fd7afecdb556c50c9e8de78 -> 
  custom:audio-decoder-ogg-vorbis: bf7c407c2cedff20999df2af8eb42d56 -> 
========================================================================
Received Import Request.
  Time since last request: 201.237350 seconds.
  path: Assets/Mini First Person Controller/First Person Controller.prefab
  artifactKey: Guid(11aaea5348574644a9eb4f4504fcce3f) Importer(815301076,1909f56bfc062723c751e8b465ee728b)
Start importing Assets/Mini First Person Controller/First Person Controller.prefab using Guid(11aaea5348574644a9eb4f4504fcce3f) Importer(815301076,1909f56bfc062723c751e8b465ee728b)  -> (artifact id: 'aac85dec8c6ef435abb3b9a6f3f5ca75') in 0.126522 seconds 
========================================================================
Received Import Request.
  Time since last request: 13.485857 seconds.
  path: Assets/Mini First Person Controller/First Person Controller.prefab
  artifactKey: Guid(11aaea5348574644a9eb4f4504fcce3f) Importer(815301076,1909f56bfc062723c751e8b465ee728b)
Start importing Assets/Mini First Person Controller/First Person Controller.prefab using Guid(11aaea5348574644a9eb4f4504fcce3f) Importer(815301076,1909f56bfc062723c751e8b465ee728b)  -> (artifact id: '66260412c1875d3e0c8a332f3049f7ad') in 0.033575 seconds 
========================================================================
Received Import Request.
  Time since last request: 3.177978 seconds.
  path: Assets/Mini First Person Controller/First Person Controller.prefab
  artifactKey: Guid(11aaea5348574644a9eb4f4504fcce3f) Importer(815301076,1909f56bfc062723c751e8b465ee728b)
Start importing Assets/Mini First Person Controller/First Person Controller.prefab using Guid(11aaea5348574644a9eb4f4504fcce3f) Importer(815301076,1909f56bfc062723c751e8b465ee728b)  -> (artifact id: '63fa3b8ca32d62a30981e657956eac88') in 0.037369 seconds 
========================================================================
Received Import Request.
  Time since last request: 9.111972 seconds.
  path: Assets/Mini First Person Controller/First Person Controller.prefab
  artifactKey: Guid(11aaea5348574644a9eb4f4504fcce3f) Importer(815301076,1909f56bfc062723c751e8b465ee728b)
Start importing Assets/Mini First Person Controller/First Person Controller.prefab using Guid(11aaea5348574644a9eb4f4504fcce3f) Importer(815301076,1909f56bfc062723c751e8b465ee728b)  -> (artifact id: 'a0d0d53b9f38ee0831569a2ff203d574') in 0.050091 seconds 
========================================================================
Received Import Request.
  Time since last request: 1.581312 seconds.
  path: Assets/Mini First Person Controller/First Person Controller.prefab
  artifactKey: Guid(11aaea5348574644a9eb4f4504fcce3f) Importer(815301076,1909f56bfc062723c751e8b465ee728b)
Start importing Assets/Mini First Person Controller/First Person Controller.prefab using Guid(11aaea5348574644a9eb4f4504fcce3f) Importer(815301076,1909f56bfc062723c751e8b465ee728b)  -> (artifact id: 'f7716e9f375829ccae7eb4fe15ae110a') in 0.043715 seconds 
========================================================================
Received Import Request.
  Time since last request: 1.587172 seconds.
  path: Assets/Mini First Person Controller/First Person Controller.prefab
  artifactKey: Guid(11aaea5348574644a9eb4f4504fcce3f) Importer(815301076,1909f56bfc062723c751e8b465ee728b)
Start importing Assets/Mini First Person Controller/First Person Controller.prefab using Guid(11aaea5348574644a9eb4f4504fcce3f) Importer(815301076,1909f56bfc062723c751e8b465ee728b)  -> (artifact id: 'e40dc19f3be0942a597dc744f2183599') in 0.044999 seconds 
========================================================================
Received Import Request.
  Time since last request: 1.181814 seconds.
  path: Assets/Mini First Person Controller/First Person Controller.prefab
  artifactKey: Guid(11aaea5348574644a9eb4f4504fcce3f) Importer(815301076,1909f56bfc062723c751e8b465ee728b)
Start importing Assets/Mini First Person Controller/First Person Controller.prefab using Guid(11aaea5348574644a9eb4f4504fcce3f) Importer(815301076,1909f56bfc062723c751e8b465ee728b)  -> (artifact id: '6557aacd7376215cbe61ec9bc7cbfb2d') in 0.048462 seconds 
========================================================================
Received Import Request.
  Time since last request: 0.969302 seconds.
  path: Assets/Mini First Person Controller/First Person Controller.prefab
  artifactKey: Guid(11aaea5348574644a9eb4f4504fcce3f) Importer(815301076,1909f56bfc062723c751e8b465ee728b)
Start importing Assets/Mini First Person Controller/First Person Controller.prefab using Guid(11aaea5348574644a9eb4f4504fcce3f) Importer(815301076,1909f56bfc062723c751e8b465ee728b)  -> (artifact id: '21fd9dbeee4260f76754611a3e3064d8') in 0.052505 seconds 
========================================================================
Received Import Request.
  Time since last request: 2.777042 seconds.
  path: Assets/Mini First Person Controller/First Person Controller.prefab
  artifactKey: Guid(11aaea5348574644a9eb4f4504fcce3f) Importer(815301076,1909f56bfc062723c751e8b465ee728b)
Start importing Assets/Mini First Person Controller/First Person Controller.prefab using Guid(11aaea5348574644a9eb4f4504fcce3f) Importer(815301076,1909f56bfc062723c751e8b465ee728b)  -> (artifact id: '8e122df2f2df55b7966eaa472b8c98a0') in 0.042362 seconds 
========================================================================
Received Import Request.
  Time since last request: 2.590092 seconds.
  path: Assets/Mini First Person Controller/First Person Controller.prefab
  artifactKey: Guid(11aaea5348574644a9eb4f4504fcce3f) Importer(815301076,1909f56bfc062723c751e8b465ee728b)
Start importing Assets/Mini First Person Controller/First Person Controller.prefab using Guid(11aaea5348574644a9eb4f4504fcce3f) Importer(815301076,1909f56bfc062723c751e8b465ee728b)  -> (artifact id: '6f9fcb5fb1945e8f13ff138a26e6945d') in 0.074169 seconds 
========================================================================
Received Import Request.
  Time since last request: 2.555907 seconds.
  path: Assets/Mini First Person Controller/First Person Controller.prefab
  artifactKey: Guid(11aaea5348574644a9eb4f4504fcce3f) Importer(815301076,1909f56bfc062723c751e8b465ee728b)
Start importing Assets/Mini First Person Controller/First Person Controller.prefab using Guid(11aaea5348574644a9eb4f4504fcce3f) Importer(815301076,1909f56bfc062723c751e8b465ee728b)  -> (artifact id: '22dbabcc0763bcbd6692d61ffdb9b4fd') in 0.043516 seconds 
========================================================================
Received Import Request.
  Time since last request: 2.991046 seconds.
  path: Assets/Mini First Person Controller/First Person Controller.prefab
  artifactKey: Guid(11aaea5348574644a9eb4f4504fcce3f) Importer(815301076,1909f56bfc062723c751e8b465ee728b)
Start importing Assets/Mini First Person Controller/First Person Controller.prefab using Guid(11aaea5348574644a9eb4f4504fcce3f) Importer(815301076,1909f56bfc062723c751e8b465ee728b)  -> (artifact id: '5c5379acac9de90f0d2b33db02b5e061') in 0.042394 seconds 
========================================================================
Received Import Request.
  Time since last request: 1.175398 seconds.
  path: Assets/Mini First Person Controller/First Person Controller.prefab
  artifactKey: Guid(11aaea5348574644a9eb4f4504fcce3f) Importer(815301076,1909f56bfc062723c751e8b465ee728b)
Start importing Assets/Mini First Person Controller/First Person Controller.prefab using Guid(11aaea5348574644a9eb4f4504fcce3f) Importer(815301076,1909f56bfc062723c751e8b465ee728b)  -> (artifact id: '39046382278bb3cffd85aae5b209bad8') in 0.057913 seconds 
========================================================================
Received Import Request.
  Time since last request: 8.427545 seconds.
  path: Assets/Mini First Person Controller/First Person Controller.prefab
  artifactKey: Guid(11aaea5348574644a9eb4f4504fcce3f) Importer(815301076,1909f56bfc062723c751e8b465ee728b)
Start importing Assets/Mini First Person Controller/First Person Controller.prefab using Guid(11aaea5348574644a9eb4f4504fcce3f) Importer(815301076,1909f56bfc062723c751e8b465ee728b)  -> (artifact id: '16f43f4353a0aaf15c63ef7d4809f8bb') in 0.053185 seconds 
========================================================================
Received Import Request.
  Time since last request: 1.550048 seconds.
  path: Assets/Mini First Person Controller/First Person Controller.prefab
  artifactKey: Guid(11aaea5348574644a9eb4f4504fcce3f) Importer(815301076,1909f56bfc062723c751e8b465ee728b)
Start importing Assets/Mini First Person Controller/First Person Controller.prefab using Guid(11aaea5348574644a9eb4f4504fcce3f) Importer(815301076,1909f56bfc062723c751e8b465ee728b)  -> (artifact id: '75246de24f1ed0aaa256c12ac69ac0ec') in 0.045206 seconds 
========================================================================
Received Import Request.
  Time since last request: 1.785264 seconds.
  path: Assets/Mini First Person Controller/First Person Controller.prefab
  artifactKey: Guid(11aaea5348574644a9eb4f4504fcce3f) Importer(815301076,1909f56bfc062723c751e8b465ee728b)
Start importing Assets/Mini First Person Controller/First Person Controller.prefab using Guid(11aaea5348574644a9eb4f4504fcce3f) Importer(815301076,1909f56bfc062723c751e8b465ee728b)  -> (artifact id: 'ea5713e71d0e38c0b3d8fb68c983ae60') in 0.052347 seconds 
========================================================================
Received Import Request.
  Time since last request: 2.991569 seconds.
  path: Assets/Mini First Person Controller/First Person Controller.prefab
  artifactKey: Guid(11aaea5348574644a9eb4f4504fcce3f) Importer(815301076,1909f56bfc062723c751e8b465ee728b)
Start importing Assets/Mini First Person Controller/First Person Controller.prefab using Guid(11aaea5348574644a9eb4f4504fcce3f) Importer(815301076,1909f56bfc062723c751e8b465ee728b)  -> (artifact id: 'f02f0ea9c23fa45c1eeb009d1a0296c6') in 0.055645 seconds 
========================================================================
Received Import Request.
  Time since last request: 9.267556 seconds.
  path: Assets/Mini First Person Controller/First Person Controller.prefab
  artifactKey: Guid(11aaea5348574644a9eb4f4504fcce3f) Importer(815301076,1909f56bfc062723c751e8b465ee728b)
Start importing Assets/Mini First Person Controller/First Person Controller.prefab using Guid(11aaea5348574644a9eb4f4504fcce3f) Importer(815301076,1909f56bfc062723c751e8b465ee728b)  -> (artifact id: 'd630d5b4a0fc23a8e00544f5413a209e') in 0.044057 seconds 
========================================================================
Received Import Request.
  Time since last request: 2.777382 seconds.
  path: Assets/Mini First Person Controller/First Person Controller.prefab
  artifactKey: Guid(11aaea5348574644a9eb4f4504fcce3f) Importer(815301076,1909f56bfc062723c751e8b465ee728b)
Start importing Assets/Mini First Person Controller/First Person Controller.prefab using Guid(11aaea5348574644a9eb4f4504fcce3f) Importer(815301076,1909f56bfc062723c751e8b465ee728b)  -> (artifact id: '3ff20aa48338c1cf69e6b1734f9ec74f') in 0.053308 seconds 
========================================================================
Received Import Request.
  Time since last request: 6.625584 seconds.
  path: Assets/Mini First Person Controller/First Person Controller.prefab
  artifactKey: Guid(11aaea5348574644a9eb4f4504fcce3f) Importer(815301076,1909f56bfc062723c751e8b465ee728b)
Start importing Assets/Mini First Person Controller/First Person Controller.prefab using Guid(11aaea5348574644a9eb4f4504fcce3f) Importer(815301076,1909f56bfc062723c751e8b465ee728b)  -> (artifact id: 'c2774b7ce785f61e8db348808c12571a') in 0.047518 seconds 
========================================================================
Received Import Request.
  Time since last request: 3.614587 seconds.
  path: Assets/Mini First Person Controller/First Person Controller.prefab
  artifactKey: Guid(11aaea5348574644a9eb4f4504fcce3f) Importer(815301076,1909f56bfc062723c751e8b465ee728b)
Start importing Assets/Mini First Person Controller/First Person Controller.prefab using Guid(11aaea5348574644a9eb4f4504fcce3f) Importer(815301076,1909f56bfc062723c751e8b465ee728b)  -> (artifact id: '8df7d6d42c9db888c41a6fa6d85b2c08') in 0.055844 seconds 
========================================================================
Received Import Request.
  Time since last request: 2.554889 seconds.
  path: Assets/Mini First Person Controller/First Person Controller.prefab
  artifactKey: Guid(11aaea5348574644a9eb4f4504fcce3f) Importer(815301076,1909f56bfc062723c751e8b465ee728b)
Start importing Assets/Mini First Person Controller/First Person Controller.prefab using Guid(11aaea5348574644a9eb4f4504fcce3f) Importer(815301076,1909f56bfc062723c751e8b465ee728b)  -> (artifact id: 'b72c0dbc688acb3c22bf824d731dbfc2') in 0.058664 seconds 
========================================================================
Received Import Request.
  Time since last request: 4.000454 seconds.
  path: Assets/Mini First Person Controller/First Person Controller.prefab
  artifactKey: Guid(11aaea5348574644a9eb4f4504fcce3f) Importer(815301076,1909f56bfc062723c751e8b465ee728b)
Start importing Assets/Mini First Person Controller/First Person Controller.prefab using Guid(11aaea5348574644a9eb4f4504fcce3f) Importer(815301076,1909f56bfc062723c751e8b465ee728b)  -> (artifact id: '7f94ac954f83eaed15e1d9fd0e4a4adf') in 0.039128 seconds 
========================================================================
Received Prepare
Registering precompiled user dll's ...
Registered in 0.008836 seconds.
Begin MonoManager ReloadAssembly
Symbol file LoadedFromMemory doesn't match image C:\Users\Algo\Documents\GitHub\67\Library\PackageCache\com.unity.visualscripting@1.7.8\Editor\VisualScripting.Core\Dependencies\YamlDotNet\Unity.VisualScripting.YamlDotNet.dll
Symbol file LoadedFromMemory doesn't match image C:\Users\Algo\Documents\GitHub\67\Library\PackageCache\com.unity.visualscripting@1.7.8\Editor\VisualScripting.Core\Dependencies\DotNetZip\Unity.VisualScripting.IonicZip.dll
Native extension for WindowsStandalone target not found
Refreshing native plugins compatible for Editor in 1.07 ms, found 3 plugins.
Preloading 0 native plugins for Editor in 0.00 ms.
Mono: successfully reloaded assembly
- Completed reload, in  4.326 seconds
Domain Reload Profiling:
	ReloadAssembly (4328ms)
		BeginReloadAssembly (211ms)
			ExecutionOrderSort (0ms)
			DisableScriptedObjects (7ms)
			BackupInstance (0ms)
			ReleaseScriptingObjects (0ms)
			CreateAndSetChildDomain (66ms)
		EndReloadAssembly (3945ms)
			LoadAssemblies (189ms)
			RebuildTransferFunctionScriptingTraits (0ms)
			SetupTypeCache (1471ms)
			ReleaseScriptCaches (3ms)
			RebuildScriptCaches (302ms)
			SetupLoadedEditorAssemblies (1566ms)
				LogAssemblyErrors (0ms)
				InitializePlatformSupportModulesInManaged (66ms)
				SetLoadedEditorAssemblies (1ms)
				RefreshPlugins (1ms)
				BeforeProcessingInitializeOnLoad (302ms)
				ProcessInitializeOnLoadAttributes (1025ms)
				ProcessInitializeOnLoadMethodAttributes (131ms)
				AfterProcessingInitializeOnLoad (37ms)
				EditorAssembliesLoaded (1ms)
			ExecutionOrderSort2 (0ms)
			AwakeInstancesAfterBackupRestoration (34ms)
Platform modules already initialized, skipping
Refreshing native plugins compatible for Editor in 10.07 ms, found 3 plugins.
Preloading 0 native plugins for Editor in 0.00 ms.
Unloading 3372 Unused Serialized files (Serialized files now loaded: 0)
Unloading 18 unused Assets / (24.7 KB). Loaded Objects now: 3942.
Memory consumption went from 134.6 MB to 134.6 MB.
Total: 9.862500 ms (FindLiveObjects: 0.455700 ms CreateObjectMapping: 0.381900 ms MarkObjects: 8.894800 ms  DeleteObjects: 0.126800 ms)

AssetImportParameters requested are different than current active one (requested -> active):
  custom:video-decoder-ogg-theora: a1e56fd34408186e4bbccfd4996cb3dc -> 
  custom:container-muxer-webm: aa71ff27fc2769a1b78a27578f13a17b -> 
  custom:container-demuxer-webm: 4f35f7cbe854078d1ac9338744f61a02 -> 
  custom:video-encoder-webm-vp8: eb34c28f22e8b96e1ab97ce403110664 -> 
  custom:audio-encoder-webm-vorbis: bf7c407c2cedff20999df2af8eb42d56 -> 
  custom:framework-win-MediaFoundation: 216162199b28c13a410421893ffa2e32 -> 
  custom:container-demuxer-ogg: 62fdf1f143b41e24485cea50d1cbac27 -> 
  custom:video-decoder-webm-vp8: 9c59270c3fd7afecdb556c50c9e8de78 -> 
  custom:audio-decoder-ogg-vorbis: bf7c407c2cedff20999df2af8eb42d56 -> 
========================================================================
Received Import Request.
  Time since last request: 25.302635 seconds.
  path: Assets/Mini First Person Controller/First Person Controller.prefab
  artifactKey: Guid(11aaea5348574644a9eb4f4504fcce3f) Importer(815301076,1909f56bfc062723c751e8b465ee728b)
Start importing Assets/Mini First Person Controller/First Person Controller.prefab using Guid(11aaea5348574644a9eb4f4504fcce3f) Importer(815301076,1909f56bfc062723c751e8b465ee728b)  -> (artifact id: 'c93edaa28b0e0743ce8124fe4932eca2') in 0.127159 seconds 
========================================================================
Received Import Request.
  Time since last request: 2.468576 seconds.
  path: Assets/Mini First Person Controller/First Person Controller.prefab
  artifactKey: Guid(11aaea5348574644a9eb4f4504fcce3f) Importer(815301076,1909f56bfc062723c751e8b465ee728b)
Start importing Assets/Mini First Person Controller/First Person Controller.prefab using Guid(11aaea5348574644a9eb4f4504fcce3f) Importer(815301076,1909f56bfc062723c751e8b465ee728b)  -> (artifact id: '1e4b18cca6dda8e1362565821de2b3df') in 0.036315 seconds 
========================================================================
Received Import Request.
  Time since last request: 22.370178 seconds.
  path: Assets/Mini First Person Controller/First Person Controller.prefab
  artifactKey: Guid(11aaea5348574644a9eb4f4504fcce3f) Importer(815301076,1909f56bfc062723c751e8b465ee728b)
Start importing Assets/Mini First Person Controller/First Person Controller.prefab using Guid(11aaea5348574644a9eb4f4504fcce3f) Importer(815301076,1909f56bfc062723c751e8b465ee728b)  -> (artifact id: '4774523b3f28ac2ca9b7905e87be658b') in 0.046891 seconds 
========================================================================
Received Import Request.
  Time since last request: 15.301518 seconds.
  path: Assets/Mini First Person Controller/First Person Controller.prefab
  artifactKey: Guid(11aaea5348574644a9eb4f4504fcce3f) Importer(815301076,1909f56bfc062723c751e8b465ee728b)
Start importing Assets/Mini First Person Controller/First Person Controller.prefab using Guid(11aaea5348574644a9eb4f4504fcce3f) Importer(815301076,1909f56bfc062723c751e8b465ee728b)  -> (artifact id: 'c7ca3de82b4e987463f3cc7b96cb48e7') in 0.038423 seconds 
========================================================================
Received Prepare
Registering precompiled user dll's ...
Registered in 0.009833 seconds.
Begin MonoManager ReloadAssembly
Symbol file LoadedFromMemory doesn't match image C:\Users\Algo\Documents\GitHub\67\Library\PackageCache\com.unity.visualscripting@1.7.8\Editor\VisualScripting.Core\Dependencies\YamlDotNet\Unity.VisualScripting.YamlDotNet.dll
Symbol file LoadedFromMemory doesn't match image C:\Users\Algo\Documents\GitHub\67\Library\PackageCache\com.unity.visualscripting@1.7.8\Editor\VisualScripting.Core\Dependencies\DotNetZip\Unity.VisualScripting.IonicZip.dll
Native extension for WindowsStandalone target not found
Refreshing native plugins compatible for Editor in 1.67 ms, found 3 plugins.
Preloading 0 native plugins for Editor in 0.00 ms.
Mono: successfully reloaded assembly
- Completed reload, in  4.224 seconds
Domain Reload Profiling:
	ReloadAssembly (4225ms)
		BeginReloadAssembly (190ms)
			ExecutionOrderSort (0ms)
			DisableScriptedObjects (8ms)
			BackupInstance (0ms)
			ReleaseScriptingObjects (0ms)
			CreateAndSetChildDomain (45ms)
		EndReloadAssembly (3870ms)
			LoadAssemblies (128ms)
			RebuildTransferFunctionScriptingTraits (0ms)
			SetupTypeCache (1107ms)
			ReleaseScriptCaches (6ms)
			RebuildScriptCaches (309ms)
			SetupLoadedEditorAssemblies (1813ms)
				LogAssemblyErrors (0ms)
				InitializePlatformSupportModulesInManaged (118ms)
				SetLoadedEditorAssemblies (8ms)
				RefreshPlugins (2ms)
				BeforeProcessingInitializeOnLoad (405ms)
				ProcessInitializeOnLoadAttributes (1100ms)
				ProcessInitializeOnLoadMethodAttributes (139ms)
				AfterProcessingInitializeOnLoad (40ms)
				EditorAssembliesLoaded (1ms)
			ExecutionOrderSort2 (0ms)
			AwakeInstancesAfterBackupRestoration (31ms)
Platform modules already initialized, skipping
Refreshing native plugins compatible for Editor in 10.38 ms, found 3 plugins.
Preloading 0 native plugins for Editor in 0.00 ms.
Unloading 3372 Unused Serialized files (Serialized files now loaded: 0)
Unloading 18 unused Assets / (24.7 KB). Loaded Objects now: 3945.
Memory consumption went from 134.6 MB to 134.6 MB.
Total: 12.263500 ms (FindLiveObjects: 0.938800 ms CreateObjectMapping: 1.787600 ms MarkObjects: 9.336400 ms  DeleteObjects: 0.198000 ms)

AssetImportParameters requested are different than current active one (requested -> active):
  custom:video-decoder-ogg-theora: a1e56fd34408186e4bbccfd4996cb3dc -> 
  custom:container-muxer-webm: aa71ff27fc2769a1b78a27578f13a17b -> 
  custom:container-demuxer-webm: 4f35f7cbe854078d1ac9338744f61a02 -> 
  custom:video-encoder-webm-vp8: eb34c28f22e8b96e1ab97ce403110664 -> 
  custom:audio-encoder-webm-vorbis: bf7c407c2cedff20999df2af8eb42d56 -> 
  custom:framework-win-MediaFoundation: 216162199b28c13a410421893ffa2e32 -> 
  custom:container-demuxer-ogg: 62fdf1f143b41e24485cea50d1cbac27 -> 
  custom:video-decoder-webm-vp8: 9c59270c3fd7afecdb556c50c9e8de78 -> 
  custom:audio-decoder-ogg-vorbis: bf7c407c2cedff20999df2af8eb42d56 -> 
========================================================================
Received Import Request.
  Time since last request: 32.895629 seconds.
  path: Assets/Mini First Person Controller/First Person Controller.prefab
  artifactKey: Guid(11aaea5348574644a9eb4f4504fcce3f) Importer(815301076,1909f56bfc062723c751e8b465ee728b)
Start importing Assets/Mini First Person Controller/First Person Controller.prefab using Guid(11aaea5348574644a9eb4f4504fcce3f) Importer(815301076,1909f56bfc062723c751e8b465ee728b)  -> (artifact id: 'cfa5e27d176743cecb060cf41ae34842') in 0.155085 seconds 
========================================================================
Received Prepare
Registering precompiled user dll's ...
Registered in 0.007144 seconds.
Begin MonoManager ReloadAssembly
Symbol file LoadedFromMemory doesn't match image C:\Users\Algo\Documents\GitHub\67\Library\PackageCache\com.unity.visualscripting@1.7.8\Editor\VisualScripting.Core\Dependencies\YamlDotNet\Unity.VisualScripting.YamlDotNet.dll
Symbol file LoadedFromMemory doesn't match image C:\Users\Algo\Documents\GitHub\67\Library\PackageCache\com.unity.visualscripting@1.7.8\Editor\VisualScripting.Core\Dependencies\DotNetZip\Unity.VisualScripting.IonicZip.dll
Native extension for WindowsStandalone target not found
Refreshing native plugins compatible for Editor in 2.12 ms, found 3 plugins.
Preloading 0 native plugins for Editor in 0.00 ms.
Mono: successfully reloaded assembly
- Completed reload, in  4.589 seconds
Domain Reload Profiling:
	ReloadAssembly (4591ms)
		BeginReloadAssembly (198ms)
			ExecutionOrderSort (0ms)
			DisableScriptedObjects (11ms)
			BackupInstance (0ms)
			ReleaseScriptingObjects (0ms)
			CreateAndSetChildDomain (53ms)
		EndReloadAssembly (4220ms)
			LoadAssemblies (178ms)
			RebuildTransferFunctionScriptingTraits (0ms)
			SetupTypeCache (1453ms)
			ReleaseScriptCaches (5ms)
			RebuildScriptCaches (338ms)
			SetupLoadedEditorAssemblies (1778ms)
				LogAssemblyErrors (0ms)
				InitializePlatformSupportModulesInManaged (71ms)
				SetLoadedEditorAssemblies (4ms)
				RefreshPlugins (2ms)
				BeforeProcessingInitializeOnLoad (328ms)
				ProcessInitializeOnLoadAttributes (1132ms)
				ProcessInitializeOnLoadMethodAttributes (183ms)
				AfterProcessingInitializeOnLoad (56ms)
				EditorAssembliesLoaded (0ms)
			ExecutionOrderSort2 (0ms)
			AwakeInstancesAfterBackupRestoration (42ms)
Platform modules already initialized, skipping
Refreshing native plugins compatible for Editor in 8.66 ms, found 3 plugins.
Preloading 0 native plugins for Editor in 0.00 ms.
Unloading 3372 Unused Serialized files (Serialized files now loaded: 0)
Unloading 18 unused Assets / (24.7 KB). Loaded Objects now: 3948.
Memory consumption went from 134.7 MB to 134.6 MB.
Total: 11.285000 ms (FindLiveObjects: 0.508600 ms CreateObjectMapping: 0.938100 ms MarkObjects: 9.796900 ms  DeleteObjects: 0.039300 ms)

AssetImportParameters requested are different than current active one (requested -> active):
  custom:video-decoder-ogg-theora: a1e56fd34408186e4bbccfd4996cb3dc -> 
  custom:container-muxer-webm: aa71ff27fc2769a1b78a27578f13a17b -> 
  custom:container-demuxer-webm: 4f35f7cbe854078d1ac9338744f61a02 -> 
  custom:video-encoder-webm-vp8: eb34c28f22e8b96e1ab97ce403110664 -> 
  custom:audio-encoder-webm-vorbis: bf7c407c2cedff20999df2af8eb42d56 -> 
  custom:framework-win-MediaFoundation: 216162199b28c13a410421893ffa2e32 -> 
  custom:container-demuxer-ogg: 62fdf1f143b41e24485cea50d1cbac27 -> 
  custom:video-decoder-webm-vp8: 9c59270c3fd7afecdb556c50c9e8de78 -> 
  custom:audio-decoder-ogg-vorbis: bf7c407c2cedff20999df2af8eb42d56 -> 
========================================================================
Received Import Request.
  Time since last request: 27.815757 seconds.
  path: Assets/Mini First Person Controller/First Person Controller.prefab
  artifactKey: Guid(11aaea5348574644a9eb4f4504fcce3f) Importer(815301076,1909f56bfc062723c751e8b465ee728b)
Start importing Assets/Mini First Person Controller/First Person Controller.prefab using Guid(11aaea5348574644a9eb4f4504fcce3f) Importer(815301076,1909f56bfc062723c751e8b465ee728b)  -> (artifact id: '9054c74366a29c51f3c83e7a69705415') in 0.118422 seconds 
========================================================================
Received Import Request.
  Time since last request: 1.866807 seconds.
  path: Assets/Mini First Person Controller/First Person Controller.prefab
  artifactKey: Guid(11aaea5348574644a9eb4f4504fcce3f) Importer(815301076,1909f56bfc062723c751e8b465ee728b)
Start importing Assets/Mini First Person Controller/First Person Controller.prefab using Guid(11aaea5348574644a9eb4f4504fcce3f) Importer(815301076,1909f56bfc062723c751e8b465ee728b)  -> (artifact id: 'b1fc169aa369fc32d0e64ac9b7a4cab5') in 0.047110 seconds 
========================================================================
Received Prepare
Registering precompiled user dll's ...
Registered in 0.007061 seconds.
Begin MonoManager ReloadAssembly
Symbol file LoadedFromMemory doesn't match image C:\Users\Algo\Documents\GitHub\67\Library\PackageCache\com.unity.visualscripting@1.7.8\Editor\VisualScripting.Core\Dependencies\YamlDotNet\Unity.VisualScripting.YamlDotNet.dll
Symbol file LoadedFromMemory doesn't match image C:\Users\Algo\Documents\GitHub\67\Library\PackageCache\com.unity.visualscripting@1.7.8\Editor\VisualScripting.Core\Dependencies\DotNetZip\Unity.VisualScripting.IonicZip.dll
Native extension for WindowsStandalone target not found
Refreshing native plugins compatible for Editor in 1.57 ms, found 3 plugins.
Preloading 0 native plugins for Editor in 0.00 ms.
Mono: successfully reloaded assembly
- Completed reload, in  4.588 seconds
Domain Reload Profiling:
	ReloadAssembly (4589ms)
		BeginReloadAssembly (205ms)
			ExecutionOrderSort (0ms)
			DisableScriptedObjects (9ms)
			BackupInstance (0ms)
			ReleaseScriptingObjects (0ms)
			CreateAndSetChildDomain (50ms)
		EndReloadAssembly (4189ms)
			LoadAssemblies (181ms)
			RebuildTransferFunctionScriptingTraits (0ms)
			SetupTypeCache (1275ms)
			ReleaseScriptCaches (5ms)
			RebuildScriptCaches (239ms)
			SetupLoadedEditorAssemblies (2045ms)
				LogAssemblyErrors (0ms)
				InitializePlatformSupportModulesInManaged (80ms)
				SetLoadedEditorAssemblies (1ms)
				RefreshPlugins (2ms)
				BeforeProcessingInitializeOnLoad (391ms)
				ProcessInitializeOnLoadAttributes (1385ms)
				ProcessInitializeOnLoadMethodAttributes (140ms)
				AfterProcessingInitializeOnLoad (46ms)
				EditorAssembliesLoaded (1ms)
			ExecutionOrderSort2 (0ms)
			AwakeInstancesAfterBackupRestoration (38ms)
Platform modules already initialized, skipping
Refreshing native plugins compatible for Editor in 12.31 ms, found 3 plugins.
Preloading 0 native plugins for Editor in 0.00 ms.
Unloading 3372 Unused Serialized files (Serialized files now loaded: 0)
Unloading 18 unused Assets / (24.7 KB). Loaded Objects now: 3951.
Memory consumption went from 134.7 MB to 134.6 MB.
Total: 16.329100 ms (FindLiveObjects: 1.587000 ms CreateObjectMapping: 2.908500 ms MarkObjects: 11.733600 ms  DeleteObjects: 0.097700 ms)

AssetImportParameters requested are different than current active one (requested -> active):
  custom:video-decoder-ogg-theora: a1e56fd34408186e4bbccfd4996cb3dc -> 
  custom:container-muxer-webm: aa71ff27fc2769a1b78a27578f13a17b -> 
  custom:container-demuxer-webm: 4f35f7cbe854078d1ac9338744f61a02 -> 
  custom:video-encoder-webm-vp8: eb34c28f22e8b96e1ab97ce403110664 -> 
  custom:audio-encoder-webm-vorbis: bf7c407c2cedff20999df2af8eb42d56 -> 
  custom:framework-win-MediaFoundation: 216162199b28c13a410421893ffa2e32 -> 
  custom:container-demuxer-ogg: 62fdf1f143b41e24485cea50d1cbac27 -> 
  custom:video-decoder-webm-vp8: 9c59270c3fd7afecdb556c50c9e8de78 -> 
  custom:audio-decoder-ogg-vorbis: bf7c407c2cedff20999df2af8eb42d56 -> 
========================================================================
Received Import Request.
  Time since last request: 70.995638 seconds.
  path: Assets/SpaceZeta_Spotlight
  artifactKey: Guid(f7ce6eee295557d4ebe61d82c5401bb5) Importer(815301076,1909f56bfc062723c751e8b465ee728b)
Start importing Assets/SpaceZeta_Spotlight using Guid(f7ce6eee295557d4ebe61d82c5401bb5) Importer(815301076,1909f56bfc062723c751e8b465ee728b)  -> (artifact id: '37b933df34f301753dc98eeda1668c62') in 0.021535 seconds 
========================================================================
Received Import Request.
  Time since last request: 1.155129 seconds.
  path: Assets/SpaceZeta_Spotlight/Assets
  artifactKey: Guid(d9d4f4b481d3d384489d8ce4647f7d25) Importer(815301076,1909f56bfc062723c751e8b465ee728b)
Start importing Assets/SpaceZeta_Spotlight/Assets using Guid(d9d4f4b481d3d384489d8ce4647f7d25) Importer(815301076,1909f56bfc062723c751e8b465ee728b)  -> (artifact id: '9be112c8f39f3377dc399bbd2cd88fc9') in 0.029012 seconds 
========================================================================
Received Import Request.
  Time since last request: 0.060586 seconds.
  path: Assets/SpaceZeta_Spotlight/Assets/Spotlight.fbx
  artifactKey: Guid(204ef55864c1e9140ac2474c00ff2d9b) Importer(815301076,1909f56bfc062723c751e8b465ee728b)
Start importing Assets/SpaceZeta_Spotlight/Assets/Spotlight.fbx using Guid(204ef55864c1e9140ac2474c00ff2d9b) Importer(815301076,1909f56bfc062723c751e8b465ee728b)  -> (artifact id: '5c49f4f2a9c275ad91ddf667a2502683') in 0.513851 seconds 
========================================================================
Received Import Request.
  Time since last request: 0.000032 seconds.
  path: Assets/SpaceZeta_Spotlight/Assets/SpotlightStructure1.fbx
  artifactKey: Guid(7f460fda04966224c86af5609e2054f1) Importer(815301076,1909f56bfc062723c751e8b465ee728b)
Start importing Assets/SpaceZeta_Spotlight/Assets/SpotlightStructure1.fbx using Guid(7f460fda04966224c86af5609e2054f1) Importer(815301076,1909f56bfc062723c751e8b465ee728b)  -> (artifact id: '33b4b493d40bc4cf87489ffd7279b5ee') in 0.090048 seconds 
========================================================================
Received Import Request.
  Time since last request: 0.000045 seconds.
  path: Assets/SpaceZeta_Spotlight/Assets/SpotlightStructure2.fbx
  artifactKey: Guid(cc5ac08585d30a34993818822179975d) Importer(815301076,1909f56bfc062723c751e8b465ee728b)
Start importing Assets/SpaceZeta_Spotlight/Assets/SpotlightStructure2.fbx using Guid(cc5ac08585d30a34993818822179975d) Importer(815301076,1909f56bfc062723c751e8b465ee728b)  -> (artifact id: 'b6f72da04f1c8a3ca45e667ed92d8ce5') in 0.090071 seconds 
========================================================================
Received Prepare
Registering precompiled user dll's ...
Registered in 0.007054 seconds.
Begin MonoManager ReloadAssembly
Symbol file LoadedFromMemory doesn't match image C:\Users\Algo\Documents\GitHub\67\Library\PackageCache\com.unity.visualscripting@1.7.8\Editor\VisualScripting.Core\Dependencies\YamlDotNet\Unity.VisualScripting.YamlDotNet.dll
Symbol file LoadedFromMemory doesn't match image C:\Users\Algo\Documents\GitHub\67\Library\PackageCache\com.unity.visualscripting@1.7.8\Editor\VisualScripting.Core\Dependencies\DotNetZip\Unity.VisualScripting.IonicZip.dll
Native extension for WindowsStandalone target not found
Refreshing native plugins compatible for Editor in 0.97 ms, found 3 plugins.
Preloading 0 native plugins for Editor in 0.00 ms.
Mono: successfully reloaded assembly
- Completed reload, in  3.997 seconds
Domain Reload Profiling:
	ReloadAssembly (3999ms)
		BeginReloadAssembly (182ms)
			ExecutionOrderSort (0ms)
			DisableScriptedObjects (6ms)
			BackupInstance (0ms)
			ReleaseScriptingObjects (0ms)
			CreateAndSetChildDomain (44ms)
		EndReloadAssembly (3659ms)
			LoadAssemblies (131ms)
			RebuildTransferFunctionScriptingTraits (0ms)
			SetupTypeCache (1260ms)
			ReleaseScriptCaches (6ms)
			RebuildScriptCaches (305ms)
			SetupLoadedEditorAssemblies (1544ms)
				LogAssemblyErrors (0ms)
				InitializePlatformSupportModulesInManaged (67ms)
				SetLoadedEditorAssemblies (1ms)
				RefreshPlugins (1ms)
				BeforeProcessingInitializeOnLoad (313ms)
				ProcessInitializeOnLoadAttributes (985ms)
				ProcessInitializeOnLoadMethodAttributes (138ms)
				AfterProcessingInitializeOnLoad (38ms)
				EditorAssembliesLoaded (0ms)
			ExecutionOrderSort2 (0ms)
			AwakeInstancesAfterBackupRestoration (33ms)
Platform modules already initialized, skipping
Refreshing native plugins compatible for Editor in 10.95 ms, found 3 plugins.
Preloading 0 native plugins for Editor in 0.00 ms.
Unloading 3372 Unused Serialized files (Serialized files now loaded: 0)
Unloading 18 unused Assets / (24.6 KB). Loaded Objects now: 3955.
Memory consumption went from 135.0 MB to 135.0 MB.
Total: 10.841400 ms (FindLiveObjects: 0.972800 ms CreateObjectMapping: 0.629800 ms MarkObjects: 9.188300 ms  DeleteObjects: 0.048700 ms)

AssetImportParameters requested are different than current active one (requested -> active):
  custom:video-decoder-ogg-theora: a1e56fd34408186e4bbccfd4996cb3dc -> 
  custom:container-muxer-webm: aa71ff27fc2769a1b78a27578f13a17b -> 
  custom:container-demuxer-webm: 4f35f7cbe854078d1ac9338744f61a02 -> 
  custom:video-encoder-webm-vp8: eb34c28f22e8b96e1ab97ce403110664 -> 
  custom:audio-encoder-webm-vorbis: bf7c407c2cedff20999df2af8eb42d56 -> 
  custom:framework-win-MediaFoundation: 216162199b28c13a410421893ffa2e32 -> 
  custom:container-demuxer-ogg: 62fdf1f143b41e24485cea50d1cbac27 -> 
  custom:video-decoder-webm-vp8: 9c59270c3fd7afecdb556c50c9e8de78 -> 
  custom:audio-decoder-ogg-vorbis: bf7c407c2cedff20999df2af8eb42d56 -> 
========================================================================
Received Import Request.
  Time since last request: 657.942026 seconds.
  path: Assets/SpaceZeta_Spotlight/Assets/Spotlight.fbx
  artifactKey: Guid(204ef55864c1e9140ac2474c00ff2d9b) Importer(815301076,1909f56bfc062723c751e8b465ee728b)
Start importing Assets/SpaceZeta_Spotlight/Assets/Spotlight.fbx using Guid(204ef55864c1e9140ac2474c00ff2d9b) Importer(815301076,1909f56bfc062723c751e8b465ee728b)  -> (artifact id: '5ce356ee5814b1720ef25054ca111f55') in 0.174960 seconds 
========================================================================
Received Import Request.
  Time since last request: 0.000039 seconds.
  path: Assets/SpaceZeta_Spotlight/Assets/SpotlightStructure1.fbx
  artifactKey: Guid(7f460fda04966224c86af5609e2054f1) Importer(815301076,1909f56bfc062723c751e8b465ee728b)
Start importing Assets/SpaceZeta_Spotlight/Assets/SpotlightStructure1.fbx using Guid(7f460fda04966224c86af5609e2054f1) Importer(815301076,1909f56bfc062723c751e8b465ee728b)  -> (artifact id: 'ae19ccdd2c6c31ec9db0d8ae1505948d') in 0.089399 seconds 
========================================================================
Received Import Request.
  Time since last request: 0.000057 seconds.
  path: Assets/SpaceZeta_Spotlight/Assets/SpotlightStructure2.fbx
  artifactKey: Guid(cc5ac08585d30a34993818822179975d) Importer(815301076,1909f56bfc062723c751e8b465ee728b)
Start importing Assets/SpaceZeta_Spotlight/Assets/SpotlightStructure2.fbx using Guid(cc5ac08585d30a34993818822179975d) Importer(815301076,1909f56bfc062723c751e8b465ee728b)  -> (artifact id: 'f4fbb392e135f5858a80d0dbf793b610') in 0.087722 seconds 
